[2026-04-21 21:29:58] [INFO] Starting Data Registry server...
[2026-04-21 21:29:58] [INFO] Database(sqlite) initialized successfully
[2026-04-21 21:29:59] [INFO] Default role updated: 管理员
[2026-04-21 21:29:59] [INFO] Default role updated: 数据操作员
[2026-04-21 21:29:59] [INFO] Default role updated: 项目管理员
[2026-04-21 21:29:59] [INFO] Default role updated: 审计账号
[2026-04-21 21:29:59] [INFO] Default role updated: 普通查看者
[2026-04-21 21:29:59] [INFO] Security settings already exist, skipping initialization
[2026-04-21 21:29:59] [INFO] Data initialization completed
[2026-04-21 21:29:59] [INFO] 已加载断点: lastSyncAt=2026-04-21 20:54:21.950080742 +0800 CST, lastSerialNo=y465zyuk
[2026-04-21 21:29:59] [INFO] 自动注册成功，站点ID: 20
[2026-04-21 21:29:59] [INFO] 同步调度器已启动，Mode: agent，间隔: 1m0s，批量大小: 100
[2026-04-21 21:29:59] [INFO] Server listening on :18421
[2026-04-21 21:34:14] [INFO] Starting Data Registry server...
[2026-04-21 21:34:14] [INFO] Database(sqlite) initialized successfully
[2026-04-21 21:34:14] [INFO] Default role updated: 管理员
[2026-04-21 21:34:14] [INFO] Default role updated: 数据操作员
[2026-04-21 21:34:14] [INFO] Default role updated: 项目管理员
[2026-04-21 21:34:14] [INFO] Default role updated: 审计账号
[2026-04-21 21:34:14] [INFO] Default role updated: 普通查看者
[2026-04-21 21:34:14] [INFO] Security settings already exist, skipping initialization
[2026-04-21 21:34:14] [INFO] Data initialization completed
[2026-04-21 21:34:14] [INFO] 已加载断点: lastSyncAt=2026-04-21 20:54:21.950080742 +0800 CST, lastSerialNo=y465zyuk
[2026-04-21 21:34:14] [INFO] 自动注册成功，站点ID: 20
[2026-04-21 21:34:14] [INFO] 同步调度器已启动，Mode: agent，间隔: 1m0s，批量大小: 100
[2026-04-21 21:34:14] [INFO] Server listening on :18421
[2026-04-21 21:39:41] [INFO] Starting Data Registry server...
[2026-04-21 21:39:41] [INFO] Database(sqlite) initialized successfully
[2026-04-21 21:39:41] [INFO] Default role updated: 管理员
[2026-04-21 21:39:41] [INFO] Default role updated: 数据操作员
[2026-04-21 21:39:41] [INFO] Default role updated: 项目管理员
[2026-04-21 21:39:41] [INFO] Default role updated: 审计账号
[2026-04-21 21:39:41] [INFO] Default role updated: 普通查看者
[2026-04-21 21:39:41] [INFO] Security settings already exist, skipping initialization
[2026-04-21 21:39:41] [INFO] Data initialization completed
[2026-04-21 21:39:41] [INFO] 已加载断点: lastSyncAt=2026-04-21 20:54:21.950080742 +0800 CST, lastSerialNo=y465zyuk
[2026-04-21 21:39:42] [INFO] 自动注册成功，站点ID: 20
[2026-04-21 21:39:42] [INFO] 同步调度器已启动，Mode: agent，间隔: 1m0s，批量大小: 100
[2026-04-21 21:39:42] [INFO] Server listening on :18421
[2026-04-21 21:39:42] [INFO] 发现 2 条新记录待同步
[2026-04-21 21:40:47] [INFO] 开始处理同步任务，共 2 个
[2026-04-21 21:47:08] [INFO] Starting Data Registry server...
[2026-04-21 21:47:08] [INFO] Database(sqlite) initialized successfully
[2026-04-21 21:47:08] [INFO] Default role updated: 管理员
[2026-04-21 21:47:08] [INFO] Default role updated: 数据操作员
[2026-04-21 21:47:09] [INFO] Default role updated: 项目管理员
[2026-04-21 21:47:09] [INFO] Default role updated: 审计账号
[2026-04-21 21:47:09] [INFO] Default role updated: 普通查看者
[2026-04-21 21:47:09] [INFO] Security settings already exist, skipping initialization
[2026-04-21 21:47:09] [INFO] Data initialization completed
[2026-04-21 21:47:09] [INFO] Server listening on :18421
[2026-04-21 21:50:10] [INFO] Starting Data Registry server...
[2026-04-21 21:50:10] [INFO] Database(sqlite) initialized successfully
[2026-04-21 21:50:10] [INFO] Default role updated: 管理员
[2026-04-21 21:50:10] [INFO] Default role updated: 数据操作员
[2026-04-21 21:50:10] [INFO] Default role updated: 项目管理员
[2026-04-21 21:50:10] [INFO] Default role updated: 审计账号
[2026-04-21 21:50:11] [INFO] Default role updated: 普通查看者
[2026-04-21 21:50:11] [INFO] Security settings already exist, skipping initialization
[2026-04-21 21:50:11] [INFO] Data initialization completed
[2026-04-21 21:50:11] [INFO] Server listening on :18421
[2026-04-21 22:06:41] [INFO] Starting Data Registry server...
[2026-04-21 22:06:41] [INFO] Database(sqlite) initialized successfully
[2026-04-21 22:06:42] [INFO] Default role updated: 管理员
[2026-04-21 22:06:42] [INFO] Default role updated: 数据操作员
[2026-04-21 22:06:42] [INFO] Default role updated: 项目管理员
[2026-04-21 22:06:42] [INFO] Default role updated: 审计账号
[2026-04-21 22:06:42] [INFO] Default role updated: 普通查看者
[2026-04-21 22:06:42] [INFO] Security settings already exist, skipping initialization
[2026-04-21 22:06:42] [INFO] Data initialization completed
[2026-04-21 22:06:42] [INFO] Server listening on :18421
[2026-04-21 22:12:14] [INFO] Starting Data Registry server...
[2026-04-21 22:12:14] [INFO] Database(sqlite) initialized successfully
[2026-04-21 22:12:14] [INFO] Default role updated: 管理员
[2026-04-21 22:12:15] [INFO] Default role updated: 数据操作员
[2026-04-21 22:12:15] [INFO] Default role updated: 项目管理员
[2026-04-21 22:12:15] [INFO] Default role updated: 审计账号
[2026-04-21 22:12:15] [INFO] Default role updated: 普通查看者
[2026-04-21 22:12:15] [INFO] Security settings already exist, skipping initialization
[2026-04-21 22:12:15] [INFO] Data initialization completed
[2026-04-21 22:12:15] [INFO] Server listening on :18421
[2026-04-21 22:38:04] [INFO] Starting Data Registry server...
[2026-04-21 22:38:04] [INFO] Database(sqlite) initialized successfully
[2026-04-21 22:38:05] [INFO] Default role updated: 管理员
[2026-04-21 22:38:05] [INFO] Default role updated: 数据操作员
[2026-04-21 22:38:05] [INFO] Default role updated: 项目管理员
[2026-04-21 22:38:05] [INFO] Default role updated: 审计账号
[2026-04-21 22:38:05] [INFO] Default role updated: 普通查看者
[2026-04-21 22:38:05] [INFO] Security settings already exist, skipping initialization
[2026-04-21 22:38:05] [INFO] Data initialization completed
[2026-04-21 22:38:05] [INFO] [CenterProbe] 启动主动探测循环，间隔: 1m0s
[2026-04-21 22:38:05] [INFO] Server listening on :18421
[2026-04-21 22:38:05] [INFO] [CenterProbe] 站点 sh-local1 [sh-local1] 在线，可达
[2026-04-21 22:39:08] [INFO] [CenterProbe] 站点 sh-local1 [sh-local1] 在线，可达
[2026-04-21 22:40:11] [INFO] [CenterProbe] 站点 sh-local1 [sh-local1] 在线，可达
[2026-04-21 22:41:14] [INFO] [CenterProbe] 站点 sh-local1 [sh-local1] 在线，可达
[2026-04-21 22:42:19] [INFO] [CenterProbe] 站点 sh-local1 [sh-local1] 在线，可达
[2026-04-21 22:43:22] [INFO] [CenterProbe] 站点 sh-local1 [sh-local1] 在线，可达
[2026-04-21 22:44:27] [INFO] [CenterProbe] 站点 sh-local1 [sh-local1] 在线，可达
[2026-04-21 22:45:30] [INFO] [CenterProbe] 站点 sh-local1 [sh-local1] 在线，可达
[2026-04-21 22:46:33] [INFO] [CenterProbe] 站点 sh-local1 [sh-local1] 在线，可达
[2026-04-21 22:47:38] [INFO] [CenterProbe] 站点 sh-local1 [sh-local1] 在线，可达
[2026-04-21 22:48:43] [INFO] [CenterProbe] 站点 sh-local1 [sh-local1] 在线，可达
[2026-04-21 22:49:45] [INFO] [CenterProbe] 站点 sh-local1 [sh-local1] 在线，可达
[2026-04-21 22:50:50] [INFO] [CenterProbe] 站点 sh-local1 [sh-local1] 在线，可达
[2026-04-21 22:51:55] [INFO] [CenterProbe] 站点 sh-local1 [sh-local1] 在线，可达
[2026-04-21 22:52:57] [INFO] [CenterProbe] 站点 sh-local1 [sh-local1] 在线，可达
[2026-04-21 22:54:02] [INFO] [CenterProbe] 站点 sh-local1 [sh-local1] 在线，可达
[2026-04-21 22:55:06] [INFO] [CenterProbe] 站点 sh-local1 [sh-local1] 在线，可达
[2026-04-21 22:56:11] [INFO] [CenterProbe] 站点 sh-local1 [sh-local1] 在线，可达
[2026-04-21 22:57:13] [INFO] [CenterProbe] 站点 sh-local1 [sh-local1] 在线，可达
[2026-04-21 22:58:18] [INFO] [CenterProbe] 站点 sh-local1 [sh-local1] 在线，可达
[2026-04-21 22:59:23] [INFO] [CenterProbe] 站点 sh-local1 [sh-local1] 在线，可达
[2026-04-21 23:00:27] [INFO] [CenterProbe] 站点 sh-local1 [sh-local1] 在线，可达
[2026-04-21 23:01:27] [INFO] [CenterProbe] 站点 sh-local1 [sh-local1] 在线，可达
[2026-04-21 23:02:30] [INFO] [CenterProbe] 站点 sh-local1 [sh-local1] 在线，可达
[2026-04-21 23:03:31] [INFO] [CenterProbe] 站点 sh-local1 [sh-local1] 在线，可达
[2026-04-21 23:04:35] [INFO] [CenterProbe] 站点 sh-local1 [sh-local1] 在线，可达
[2026-04-21 23:05:38] [INFO] [CenterProbe] 站点 sh-local1 [sh-local1] 在线，可达
[2026-04-21 23:06:43] [INFO] [CenterProbe] 站点 sh-local1 [sh-local1] 在线，可达
[2026-04-21 23:07:49] [INFO] [CenterProbe] 站点 sh-local1 [sh-local1] 在线，可达
[2026-04-21 23:08:51] [INFO] [CenterProbe] 站点 sh-local1 [sh-local1] 在线，可达
[2026-04-21 23:09:53] [INFO] [CenterProbe] 站点 sh-local1 [sh-local1] 在线，可达
[2026-04-21 23:10:35] [INFO] Starting Data Registry server...
[2026-04-21 23:10:35] [INFO] Database(sqlite) initialized successfully
[2026-04-21 23:10:36] [INFO] Default role updated: 管理员
[2026-04-21 23:10:36] [INFO] Default role updated: 数据操作员
[2026-04-21 23:10:36] [INFO] Default role updated: 项目管理员
[2026-04-21 23:10:36] [INFO] Default role updated: 审计账号
[2026-04-21 23:10:36] [INFO] Default role updated: 普通查看者
[2026-04-21 23:10:36] [INFO] Security settings already exist, skipping initialization
[2026-04-21 23:10:36] [INFO] Data initialization completed
[2026-04-21 23:10:36] [INFO] [CenterProbe] 启动主动探测循环，间隔: 1m0s
[2026-04-21 23:10:36] [INFO] Server listening on :18421
[2026-04-21 23:10:36] [INFO] [CenterProbe] 站点 sh-local1 [sh-local1] 在线，可达
[2026-04-21 23:11:40] [INFO] [CenterProbe] 站点 sh-local1 [sh-local1] 在线，可达
[2026-04-21 23:12:44] [INFO] [CenterProbe] 站点 sh-local1 [sh-local1] 在线，可达
[2026-04-21 23:13:47] [INFO] [CenterProbe] 站点 sh-local1 [sh-local1] 在线，可达
[2026-04-21 23:14:52] [INFO] [CenterProbe] 站点 sh-local1 [sh-local1] 在线，可达
[2026-04-21 23:15:55] [INFO] [CenterProbe] 站点 sh-local1 [sh-local1] 在线，可达
[2026-04-21 23:16:57] [INFO] [CenterProbe] 站点 sh-local1 [sh-local1] 在线，可达
[2026-04-21 23:21:03] [INFO] Starting Data Registry server...
[2026-04-21 23:21:03] [INFO] Database(sqlite) initialized successfully
[2026-04-21 23:21:04] [INFO] Default role updated: 管理员
[2026-04-21 23:21:04] [INFO] Default role updated: 数据操作员
[2026-04-21 23:21:04] [INFO] Default role updated: 项目管理员
[2026-04-21 23:21:04] [INFO] Default role updated: 审计账号
[2026-04-21 23:21:04] [INFO] Default role updated: 普通查看者
[2026-04-21 23:21:04] [INFO] Security settings already exist, skipping initialization
[2026-04-21 23:21:04] [INFO] Data initialization completed
[2026-04-21 23:21:04] [INFO] [CenterProbe] 启动主动探测循环，间隔: 1m0s
[2026-04-21 23:21:04] [INFO] Server listening on :18421
[2026-04-21 23:21:04] [INFO] [CenterProbe] 站点 sh-local1 [sh-local1] 在线，可达
[2026-04-21 23:22:09] [INFO] [CenterProbe] 站点 sh-local1 [sh-local1] 在线，可达
[2026-04-21 23:23:14] [INFO] [CenterProbe] 站点 sh-local1 [sh-local1] 在线，可达
[2026-04-21 23:24:20] [INFO] [CenterProbe] 站点 sh-local1 [sh-local1] 在线，可达
[2026-04-21 23:25:22] [INFO] [CenterProbe] 站点 sh-local1 [sh-local1] 在线，可达
[2026-04-21 23:26:25] [INFO] [CenterProbe] 站点 sh-local1 [sh-local1] 在线，可达
[2026-04-21 23:27:27] [INFO] [CenterProbe] 站点 sh-local1 [sh-local1] 在线，可达
[2026-04-21 23:28:30] [INFO] [CenterProbe] 站点 sh-local1 [sh-local1] 在线，可达
[2026-04-21 23:29:31] [INFO] [CenterProbe] 站点 sh-local1 [sh-local1] 在线，可达
[2026-04-21 23:30:36] [INFO] [CenterProbe] 站点 sh-local1 [sh-local1] 在线，可达
[2026-04-21 23:31:41] [INFO] [CenterProbe] 站点 sh-local1 [sh-local1] 在线，可达
[2026-04-21 23:32:43] [INFO] [CenterProbe] 站点 sh-local1 [sh-local1] 在线，可达
[2026-04-21 23:33:50] [INFO] [CenterProbe] 站点 sh-local1 [sh-local1] 在线，可达
[2026-04-21 23:34:56] [INFO] [CenterProbe] 站点 sh-local1 [sh-local1] 在线，可达
[2026-04-21 23:35:59] [INFO] [CenterProbe] 站点 sh-local1 [sh-local1] 在线，可达
[2026-04-21 23:37:05] [INFO] [CenterProbe] 站点 sh-local1 [sh-local1] 在线，可达
[2026-04-21 23:38:09] [INFO] [CenterProbe] 站点 sh-local1 [sh-local1] 在线，可达
[2026-04-21 23:39:13] [INFO] [CenterProbe] 站点 sh-local1 [sh-local1] 在线，可达
[2026-04-21 23:40:20] [INFO] [CenterProbe] 站点 sh-local1 [sh-local1] 在线，可达
[2026-04-21 23:41:22] [INFO] [CenterProbe] 站点 sh-local1 [sh-local1] 在线，可达
[2026-04-21 23:41:43] [INFO] Starting Data Registry server...
[2026-04-21 23:41:43] [INFO] Database(sqlite) initialized successfully
[2026-04-21 23:41:43] [INFO] Default role updated: 管理员
[2026-04-21 23:41:43] [INFO] Default role updated: 数据操作员
[2026-04-21 23:41:43] [INFO] Default role updated: 项目管理员
[2026-04-21 23:41:43] [INFO] Default role updated: 审计账号
[2026-04-21 23:41:43] [INFO] Default role updated: 普通查看者
[2026-04-21 23:41:43] [INFO] Security settings already exist, skipping initialization
[2026-04-21 23:41:43] [INFO] Data initialization completed
[2026-04-21 23:41:43] [INFO] [CenterProbe] 启动主动探测循环，间隔: 1m0s
[2026-04-21 23:41:43] [INFO] Server listening on :18421
[2026-04-21 23:41:44] [INFO] [CenterProbe] 站点 sh-local1 [sh-local1] 在线，下次探测约30秒后
[2026-04-21 23:42:49] [INFO] [CenterProbe] 站点 sh-local1 [sh-local1] 在线，下次探测约30秒后
[2026-04-21 23:43:54] [INFO] [CenterProbe] 站点 sh-local1 [sh-local1] 在线，下次探测约30秒后
[2026-04-21 23:44:56] [INFO] [CenterProbe] 站点 sh-local1 [sh-local1] 在线，下次探测约30秒后
[2026-04-21 23:45:58] [INFO] [CenterProbe] 站点 sh-local1 [sh-local1] 在线，下次探测约30秒后
[2026-04-21 23:47:03] [INFO] [CenterProbe] 站点 sh-local1 [sh-local1] 在线，下次探测约30秒后
[2026-04-21 23:48:08] [INFO] [CenterProbe] 站点 sh-local1 [sh-local1] 在线，下次探测约30秒后
[2026-04-21 23:49:13] [INFO] [CenterProbe] 站点 sh-local1 [sh-local1] 在线，下次探测约30秒后
[2026-04-21 23:50:16] [INFO] [CenterProbe] 站点 sh-local1 [sh-local1] 在线，下次探测约30秒后
[2026-04-21 23:51:21] [INFO] [CenterProbe] 站点 sh-local1 [sh-local1] 在线，下次探测约30秒后
[2026-04-21 23:52:26] [INFO] [CenterProbe] 站点 sh-local1 [sh-local1] 在线，下次探测约30秒后
[2026-04-21 23:53:31] [INFO] [CenterProbe] 站点 sh-local1 [sh-local1] 在线，下次探测约30秒后
[2026-04-21 23:54:36] [INFO] [CenterProbe] 站点 sh-local1 [sh-local1] 在线，下次探测约30秒后
[2026-04-21 23:55:41] [INFO] [CenterProbe] 站点 sh-local1 [sh-local1] 在线，下次探测约30秒后
[2026-04-21 23:56:43] [INFO] [CenterProbe] 站点 sh-local1 [sh-local1] 在线，下次探测约30秒后
[2026-04-21 23:57:46] [INFO] [CenterProbe] 站点 sh-local1 [sh-local1] 在线，下次探测约30秒后
[2026-04-21 23:58:48] [INFO] [CenterProbe] 站点 sh-local1 [sh-local1] 在线，下次探测约30秒后
[2026-04-21 23:59:53] [INFO] [CenterProbe] 站点 sh-local1 [sh-local1] 在线，下次探测约30秒后
