[2026-04-28 00:00:19] [INFO] [CenterProbe] sh-local10 [sh-local10] 在线
[2026-04-28 00:01:23] [INFO] [CenterProbe] sh-local10 [sh-local10] 在线
[2026-04-28 00:02:26] [INFO] [CenterProbe] sh-local10 [sh-local10] 在线
[2026-04-28 00:03:31] [INFO] [CenterProbe] sh-local10 [sh-local10] 在线
[2026-04-28 00:04:37] [INFO] [CenterProbe] sh-local10 [sh-local10] 在线
[2026-04-28 00:05:41] [INFO] [CenterProbe] sh-local10 [sh-local10] 在线
[2026-04-28 00:06:46] [INFO] [CenterProbe] sh-local10 [sh-local10] 在线
[2026-04-28 00:07:52] [INFO] [CenterProbe] sh-local10 [sh-local10] 在线
[2026-04-28 00:08:57] [INFO] [CenterProbe] sh-local10 [sh-local10] 在线
[2026-04-28 00:10:00] [INFO] [CenterProbe] sh-local10 [sh-local10] 在线
[2026-04-28 00:11:06] [INFO] [CenterProbe] sh-local10 [sh-local10] 在线
[2026-04-28 00:12:12] [INFO] Starting Data Registry server...
[2026-04-28 00:12:12] [INFO] Database(sqlite) initialized successfully
[2026-04-28 00:12:12] [INFO] Default role updated: 管理员
[2026-04-28 00:12:13] [INFO] Default role updated: 数据操作员
[2026-04-28 00:12:13] [INFO] Default role updated: 项目管理员
[2026-04-28 00:12:13] [INFO] Default role updated: 审计账号
[2026-04-28 00:12:13] [INFO] Default role updated: 普通查看者
[2026-04-28 00:12:13] [INFO] Security settings already exist, skipping initialization
[2026-04-28 00:12:13] [INFO] Data initialization completed
[2026-04-28 00:12:13] [INFO] [ApiKeyCache] 缓存已刷新，共 1 个活跃站点
[2026-04-28 00:12:13] [INFO] [StationKeys] 已加载 1 个站点的明文 Key
[2026-04-28 00:12:13] [INFO] [CenterProbe] 启动主动探测循环，间隔: 1m0s
[2026-04-28 00:12:13] [INFO] Server listening on :18421
[2026-04-28 00:12:13] [INFO] [CenterProbe] sh-local10 [sh-local10] 在线
[2026-04-28 00:13:18] [INFO] [CenterProbe] sh-local10 [sh-local10] 在线
[2026-04-28 00:14:23] [INFO] [CenterProbe] sh-local10 [sh-local10] 在线
[2026-04-28 00:15:29] [INFO] [CenterProbe] sh-local10 [sh-local10] 在线
[2026-04-28 00:16:34] [INFO] [CenterProbe] sh-local10 [sh-local10] 在线
[2026-04-28 00:17:39] [INFO] [CenterProbe] sh-local10 [sh-local10] 在线
[2026-04-28 00:18:42] [INFO] [CenterProbe] sh-local10 [sh-local10] 在线
[2026-04-28 00:19:47] [INFO] [CenterProbe] sh-local10 [sh-local10] 在线
[2026-04-28 00:20:52] [INFO] [CenterProbe] sh-local10 [sh-local10] 在线
[2026-04-28 00:21:57] [INFO] [CenterProbe] sh-local10 [sh-local10] 在线
[2026-04-28 00:23:01] [INFO] [CenterProbe] sh-local10 [sh-local10] 在线
[2026-04-28 00:24:06] [INFO] [CenterProbe] sh-local10 [sh-local10] 在线
[2026-04-28 00:25:11] [INFO] [CenterProbe] sh-local10 [sh-local10] 在线
[2026-04-28 00:26:17] [INFO] [CenterProbe] sh-local10 [sh-local10] 在线
[2026-04-28 00:27:23] [INFO] [CenterProbe] sh-local10 [sh-local10] 在线
[2026-04-28 00:28:28] [INFO] [CenterProbe] sh-local10 [sh-local10] 在线
[2026-04-28 00:29:34] [INFO] [CenterProbe] sh-local10 [sh-local10] 在线
[2026-04-28 00:30:37] [INFO] [CenterProbe] sh-local10 [sh-local10] 在线
[2026-04-28 00:31:42] [INFO] [CenterProbe] sh-local10 [sh-local10] 在线
[2026-04-28 00:32:48] [INFO] [CenterProbe] sh-local10 [sh-local10] 在线
[2026-04-28 00:33:54] [INFO] [CenterProbe] sh-local10 [sh-local10] 在线
[2026-04-28 00:34:59] [INFO] [CenterProbe] sh-local10 [sh-local10] 在线
[2026-04-28 00:36:05] [INFO] [CenterProbe] sh-local10 [sh-local10] 在线
[2026-04-28 00:37:10] [INFO] [CenterProbe] sh-local10 [sh-local10] 在线
[2026-04-28 00:38:13] [INFO] [CenterProbe] sh-local10 [sh-local10] 在线
[2026-04-28 00:39:18] [INFO] [CenterProbe] sh-local10 [sh-local10] 在线
[2026-04-28 00:40:23] [INFO] [CenterProbe] sh-local10 [sh-local10] 在线
[2026-04-28 00:41:29] [INFO] [CenterProbe] sh-local10 [sh-local10] 在线
[2026-04-28 00:42:34] [INFO] [CenterProbe] sh-local10 [sh-local10] 在线
[2026-04-28 00:43:40] [INFO] [CenterProbe] sh-local10 [sh-local10] 在线
[2026-04-28 00:44:45] [INFO] [CenterProbe] sh-local10 [sh-local10] 在线
[2026-04-28 00:45:48] [INFO] [CenterProbe] sh-local10 [sh-local10] 在线
[2026-04-28 00:46:53] [INFO] [CenterProbe] sh-local10 [sh-local10] 在线
[2026-04-28 00:47:59] [INFO] [CenterProbe] sh-local10 [sh-local10] 在线
[2026-04-28 00:49:04] [INFO] [CenterProbe] sh-local10 [sh-local10] 在线
[2026-04-28 00:50:11] [INFO] [CenterProbe] sh-local10 [sh-local10] 在线
[2026-04-28 00:51:17] [INFO] [CenterProbe] sh-local10 [sh-local10] 在线
[2026-04-28 00:52:23] [INFO] [CenterProbe] sh-local10 [sh-local10] 在线
[2026-04-28 00:53:27] [INFO] [CenterProbe] sh-local10 [sh-local10] 在线
[2026-04-28 00:54:33] [INFO] [CenterProbe] sh-local10 [sh-local10] 在线
[2026-04-28 00:55:40] [INFO] [CenterProbe] sh-local10 [sh-local10] 在线
[2026-04-28 00:56:46] [INFO] [CenterProbe] sh-local10 [sh-local10] 在线
[2026-04-28 00:57:53] [INFO] [CenterProbe] sh-local10 [sh-local10] 在线
[2026-04-28 00:59:00] [INFO] [CenterProbe] sh-local10 [sh-local10] 在线
[2026-04-28 01:00:07] [INFO] [CenterProbe] sh-local10 [sh-local10] 在线
[2026-04-28 01:01:10] [INFO] [CenterProbe] sh-local10 [sh-local10] 在线
[2026-04-28 01:02:17] [INFO] [CenterProbe] sh-local10 [sh-local10] 在线
[2026-04-28 01:03:23] [INFO] [CenterProbe] sh-local10 [sh-local10] 在线
[2026-04-28 01:04:29] [INFO] [CenterProbe] sh-local10 [sh-local10] 在线
[2026-04-28 01:05:35] [INFO] [CenterProbe] sh-local10 [sh-local10] 在线
[2026-04-28 01:06:41] [INFO] [CenterProbe] sh-local10 [sh-local10] 在线
[2026-04-28 01:07:47] [INFO] [CenterProbe] sh-local10 [sh-local10] 在线
[2026-04-28 01:08:53] [INFO] [CenterProbe] sh-local10 [sh-local10] 在线
[2026-04-28 01:09:57] [INFO] [CenterProbe] sh-local10 [sh-local10] 在线
[2026-04-28 01:11:03] [INFO] [CenterProbe] sh-local10 [sh-local10] 在线
[2026-04-28 01:12:10] [INFO] [CenterProbe] sh-local10 [sh-local10] 在线
[2026-04-28 01:13:17] [INFO] [CenterProbe] sh-local10 [sh-local10] 在线
[2026-04-28 01:14:24] [INFO] [CenterProbe] sh-local10 [sh-local10] 在线
[2026-04-28 01:15:30] [INFO] [CenterProbe] sh-local10 [sh-local10] 在线
[2026-04-28 01:16:37] [INFO] [CenterProbe] sh-local10 [sh-local10] 在线
[2026-04-28 01:17:40] [INFO] [CenterProbe] sh-local10 [sh-local10] 在线
[2026-04-28 01:18:47] [INFO] [CenterProbe] sh-local10 [sh-local10] 在线
[2026-04-28 01:19:53] [INFO] [CenterProbe] sh-local10 [sh-local10] 在线
[2026-04-28 01:21:00] [INFO] [CenterProbe] sh-local10 [sh-local10] 在线
[2026-04-28 01:22:07] [INFO] [CenterProbe] sh-local10 [sh-local10] 在线
[2026-04-28 01:23:14] [INFO] [CenterProbe] sh-local10 [sh-local10] 在线
[2026-04-28 01:24:20] [INFO] [CenterProbe] sh-local10 [sh-local10] 在线
[2026-04-28 01:25:23] [INFO] [CenterProbe] sh-local10 [sh-local10] 在线
[2026-04-28 01:26:29] [INFO] [CenterProbe] sh-local10 [sh-local10] 在线
[2026-04-28 01:27:36] [INFO] [CenterProbe] sh-local10 [sh-local10] 在线
[2026-04-28 01:28:42] [INFO] [CenterProbe] sh-local10 [sh-local10] 在线
[2026-04-28 01:29:48] [INFO] [CenterProbe] sh-local10 [sh-local10] 在线
[2026-04-28 01:30:55] [INFO] [CenterProbe] sh-local10 [sh-local10] 在线
[2026-04-28 01:32:02] [INFO] [CenterProbe] sh-local10 [sh-local10] 在线
[2026-04-28 01:33:05] [INFO] [CenterProbe] sh-local10 [sh-local10] 在线
[2026-04-28 01:34:12] [INFO] [CenterProbe] sh-local10 [sh-local10] 在线
[2026-04-28 01:35:19] [INFO] [CenterProbe] sh-local10 [sh-local10] 在线
[2026-04-28 01:36:26] [INFO] [CenterProbe] sh-local10 [sh-local10] 在线
[2026-04-28 01:37:33] [INFO] [CenterProbe] sh-local10 [sh-local10] 在线
[2026-04-28 01:38:40] [INFO] [CenterProbe] sh-local10 [sh-local10] 在线
[2026-04-28 01:39:47] [INFO] [CenterProbe] sh-local10 [sh-local10] 在线
[2026-04-28 01:40:50] [INFO] [CenterProbe] sh-local10 [sh-local10] 在线
[2026-04-28 01:41:58] [INFO] [CenterProbe] sh-local10 [sh-local10] 在线
[2026-04-28 01:43:05] [INFO] [CenterProbe] sh-local10 [sh-local10] 在线
[2026-04-28 01:44:12] [INFO] [CenterProbe] sh-local10 [sh-local10] 在线
[2026-04-28 01:45:18] [INFO] [CenterProbe] sh-local10 [sh-local10] 在线
[2026-04-28 01:46:25] [INFO] [CenterProbe] sh-local10 [sh-local10] 在线
[2026-04-28 01:47:32] [INFO] [CenterProbe] sh-local10 [sh-local10] 在线
[2026-04-28 01:48:36] [INFO] [CenterProbe] sh-local10 [sh-local10] 在线
[2026-04-28 01:49:43] [INFO] [CenterProbe] sh-local10 [sh-local10] 在线
[2026-04-28 01:50:50] [INFO] [CenterProbe] sh-local10 [sh-local10] 在线
[2026-04-28 01:51:57] [INFO] [CenterProbe] sh-local10 [sh-local10] 在线
[2026-04-28 01:53:05] [INFO] [CenterProbe] sh-local10 [sh-local10] 在线
[2026-04-28 01:54:12] [INFO] [CenterProbe] sh-local10 [sh-local10] 在线
[2026-04-28 01:55:19] [INFO] [CenterProbe] sh-local10 [sh-local10] 在线
[2026-04-28 01:56:26] [INFO] [CenterProbe] sh-local10 [sh-local10] 在线
[2026-04-28 01:57:30] [INFO] [CenterProbe] sh-local10 [sh-local10] 在线
[2026-04-28 01:58:37] [INFO] [CenterProbe] sh-local10 [sh-local10] 在线
[2026-04-28 01:59:44] [INFO] [CenterProbe] sh-local10 [sh-local10] 在线
[2026-04-28 02:00:51] [INFO] [CenterProbe] sh-local10 [sh-local10] 在线
[2026-04-28 02:01:58] [INFO] [CenterProbe] sh-local10 [sh-local10] 在线
[2026-04-28 02:03:05] [INFO] [CenterProbe] sh-local10 [sh-local10] 在线
[2026-04-28 02:04:12] [INFO] [CenterProbe] sh-local10 [sh-local10] 在线
[2026-04-28 02:05:15] [INFO] [CenterProbe] sh-local10 [sh-local10] 在线
[2026-04-28 02:06:22] [INFO] [CenterProbe] sh-local10 [sh-local10] 在线
[2026-04-28 02:07:29] [INFO] [CenterProbe] sh-local10 [sh-local10] 在线
[2026-04-28 02:08:36] [INFO] [CenterProbe] sh-local10 [sh-local10] 在线
[2026-04-28 02:09:43] [INFO] [CenterProbe] sh-local10 [sh-local10] 在线
[2026-04-28 02:10:51] [INFO] [CenterProbe] sh-local10 [sh-local10] 在线
[2026-04-28 02:11:58] [INFO] [CenterProbe] sh-local10 [sh-local10] 在线
[2026-04-28 02:13:01] [INFO] [CenterProbe] sh-local10 [sh-local10] 在线
[2026-04-28 02:14:09] [INFO] [CenterProbe] sh-local10 [sh-local10] 在线
[2026-04-28 02:15:16] [INFO] [CenterProbe] sh-local10 [sh-local10] 在线
[2026-04-28 02:16:23] [INFO] [CenterProbe] sh-local10 [sh-local10] 在线
[2026-04-28 02:17:30] [INFO] [CenterProbe] sh-local10 [sh-local10] 在线
[2026-04-28 02:18:37] [INFO] [CenterProbe] sh-local10 [sh-local10] 在线
[2026-04-28 02:19:44] [INFO] [CenterProbe] sh-local10 [sh-local10] 在线
[2026-04-28 02:20:48] [INFO] [CenterProbe] sh-local10 [sh-local10] 在线
[2026-04-28 02:21:55] [INFO] [CenterProbe] sh-local10 [sh-local10] 在线
[2026-04-28 02:23:02] [INFO] [CenterProbe] sh-local10 [sh-local10] 在线
[2026-04-28 02:24:09] [INFO] [CenterProbe] sh-local10 [sh-local10] 在线
[2026-04-28 02:25:16] [INFO] [CenterProbe] sh-local10 [sh-local10] 在线
[2026-04-28 02:26:23] [INFO] [CenterProbe] sh-local10 [sh-local10] 在线
[2026-04-28 02:27:30] [INFO] [CenterProbe] sh-local10 [sh-local10] 在线
[2026-04-28 02:28:33] [INFO] [CenterProbe] sh-local10 [sh-local10] 在线
[2026-04-28 02:29:40] [INFO] [CenterProbe] sh-local10 [sh-local10] 在线
[2026-04-28 02:30:47] [INFO] [CenterProbe] sh-local10 [sh-local10] 在线
[2026-04-28 02:31:55] [INFO] [CenterProbe] sh-local10 [sh-local10] 在线
[2026-04-28 02:33:02] [INFO] [CenterProbe] sh-local10 [sh-local10] 在线
[2026-04-28 02:34:09] [INFO] [CenterProbe] sh-local10 [sh-local10] 在线
[2026-04-28 02:35:16] [INFO] [CenterProbe] sh-local10 [sh-local10] 在线
[2026-04-28 02:36:20] [INFO] [CenterProbe] sh-local10 [sh-local10] 在线
[2026-04-28 02:37:27] [INFO] [CenterProbe] sh-local10 [sh-local10] 在线
[2026-04-28 02:38:34] [INFO] [CenterProbe] sh-local10 [sh-local10] 在线
[2026-04-28 02:39:41] [INFO] [CenterProbe] sh-local10 [sh-local10] 在线
[2026-04-28 02:40:48] [INFO] [CenterProbe] sh-local10 [sh-local10] 在线
[2026-04-28 02:41:55] [INFO] [CenterProbe] sh-local10 [sh-local10] 在线
[2026-04-28 02:43:02] [INFO] [CenterProbe] sh-local10 [sh-local10] 在线
[2026-04-28 02:44:09] [INFO] [CenterProbe] sh-local10 [sh-local10] 在线
[2026-04-28 02:45:13] [INFO] [CenterProbe] sh-local10 [sh-local10] 在线
[2026-04-28 02:46:20] [INFO] [CenterProbe] sh-local10 [sh-local10] 在线
[2026-04-28 02:47:27] [INFO] [CenterProbe] sh-local10 [sh-local10] 在线
[2026-04-28 02:48:34] [INFO] [CenterProbe] sh-local10 [sh-local10] 在线
[2026-04-28 02:49:41] [INFO] [CenterProbe] sh-local10 [sh-local10] 在线
[2026-04-28 02:50:48] [INFO] [CenterProbe] sh-local10 [sh-local10] 在线
[2026-04-28 02:51:55] [INFO] [CenterProbe] sh-local10 [sh-local10] 在线
[2026-04-28 02:52:59] [INFO] [CenterProbe] sh-local10 [sh-local10] 在线
[2026-04-28 02:54:06] [INFO] [CenterProbe] sh-local10 [sh-local10] 在线
[2026-04-28 02:55:13] [INFO] [CenterProbe] sh-local10 [sh-local10] 在线
[2026-04-28 02:56:20] [INFO] [CenterProbe] sh-local10 [sh-local10] 在线
[2026-04-28 02:57:27] [INFO] [CenterProbe] sh-local10 [sh-local10] 在线
[2026-04-28 02:58:35] [INFO] [CenterProbe] sh-local10 [sh-local10] 在线
[2026-04-28 02:59:42] [INFO] [CenterProbe] sh-local10 [sh-local10] 在线
[2026-04-28 03:00:45] [INFO] [CenterProbe] sh-local10 [sh-local10] 在线
[2026-04-28 03:01:53] [INFO] [CenterProbe] sh-local10 [sh-local10] 在线
[2026-04-28 03:03:00] [INFO] [CenterProbe] sh-local10 [sh-local10] 在线
[2026-04-28 03:04:06] [INFO] [CenterProbe] sh-local10 [sh-local10] 在线
[2026-04-28 03:05:13] [INFO] [CenterProbe] sh-local10 [sh-local10] 在线
[2026-04-28 03:06:21] [INFO] [CenterProbe] sh-local10 [sh-local10] 在线
[2026-04-28 03:07:28] [INFO] [CenterProbe] sh-local10 [sh-local10] 在线
[2026-04-28 03:08:31] [INFO] [CenterProbe] sh-local10 [sh-local10] 在线
[2026-04-28 03:09:38] [INFO] [CenterProbe] sh-local10 [sh-local10] 在线
[2026-04-28 03:10:45] [INFO] [CenterProbe] sh-local10 [sh-local10] 在线
[2026-04-28 03:11:52] [INFO] [CenterProbe] sh-local10 [sh-local10] 在线
[2026-04-28 03:12:59] [INFO] [CenterProbe] sh-local10 [sh-local10] 在线
[2026-04-28 03:14:06] [INFO] [CenterProbe] sh-local10 [sh-local10] 在线
[2026-04-28 03:15:14] [INFO] [CenterProbe] sh-local10 [sh-local10] 在线
[2026-04-28 03:16:17] [INFO] [CenterProbe] sh-local10 [sh-local10] 在线
[2026-04-28 03:17:24] [INFO] [CenterProbe] sh-local10 [sh-local10] 在线
[2026-04-28 03:18:32] [INFO] [CenterProbe] sh-local10 [sh-local10] 在线
[2026-04-28 03:19:39] [INFO] [CenterProbe] sh-local10 [sh-local10] 在线
[2026-04-28 03:20:46] [INFO] [CenterProbe] sh-local10 [sh-local10] 在线
[2026-04-28 03:21:53] [INFO] [CenterProbe] sh-local10 [sh-local10] 在线
[2026-04-28 03:23:00] [INFO] [CenterProbe] sh-local10 [sh-local10] 在线
[2026-04-28 03:24:04] [INFO] [CenterProbe] sh-local10 [sh-local10] 在线
[2026-04-28 03:25:11] [INFO] [CenterProbe] sh-local10 [sh-local10] 在线
[2026-04-28 03:26:18] [INFO] [CenterProbe] sh-local10 [sh-local10] 在线
[2026-04-28 03:27:25] [INFO] [CenterProbe] sh-local10 [sh-local10] 在线
[2026-04-28 03:28:32] [INFO] [CenterProbe] sh-local10 [sh-local10] 在线
[2026-04-28 03:29:39] [INFO] [CenterProbe] sh-local10 [sh-local10] 在线
[2026-04-28 03:30:46] [INFO] [CenterProbe] sh-local10 [sh-local10] 在线
[2026-04-28 03:31:53] [INFO] [CenterProbe] sh-local10 [sh-local10] 在线
[2026-04-28 03:32:56] [INFO] [CenterProbe] sh-local10 [sh-local10] 在线
[2026-04-28 03:34:04] [INFO] [CenterProbe] sh-local10 [sh-local10] 在线
[2026-04-28 03:35:11] [INFO] [CenterProbe] sh-local10 [sh-local10] 在线
[2026-04-28 03:36:18] [INFO] [CenterProbe] sh-local10 [sh-local10] 在线
[2026-04-28 03:37:25] [INFO] [CenterProbe] sh-local10 [sh-local10] 在线
[2026-04-28 03:38:32] [INFO] [CenterProbe] sh-local10 [sh-local10] 在线
[2026-04-28 03:39:39] [INFO] [CenterProbe] sh-local10 [sh-local10] 在线
[2026-04-28 03:40:43] [INFO] [CenterProbe] sh-local10 [sh-local10] 在线
[2026-04-28 03:41:50] [INFO] [CenterProbe] sh-local10 [sh-local10] 在线
[2026-04-28 03:42:57] [INFO] [CenterProbe] sh-local10 [sh-local10] 在线
[2026-04-28 03:44:04] [INFO] [CenterProbe] sh-local10 [sh-local10] 在线
[2026-04-28 03:45:12] [INFO] [CenterProbe] sh-local10 [sh-local10] 在线
[2026-04-28 03:46:19] [INFO] [CenterProbe] sh-local10 [sh-local10] 在线
[2026-04-28 03:47:26] [INFO] [CenterProbe] sh-local10 [sh-local10] 在线
[2026-04-28 03:48:29] [INFO] [CenterProbe] sh-local10 [sh-local10] 在线
[2026-04-28 03:49:36] [INFO] [CenterProbe] sh-local10 [sh-local10] 在线
[2026-04-28 03:50:43] [INFO] [CenterProbe] sh-local10 [sh-local10] 在线
[2026-04-28 03:51:50] [INFO] [CenterProbe] sh-local10 [sh-local10] 在线
[2026-04-28 03:52:58] [INFO] [CenterProbe] sh-local10 [sh-local10] 在线
[2026-04-28 03:54:05] [INFO] [CenterProbe] sh-local10 [sh-local10] 在线
[2026-04-28 03:55:12] [INFO] [CenterProbe] sh-local10 [sh-local10] 在线
[2026-04-28 03:56:15] [INFO] [CenterProbe] sh-local10 [sh-local10] 在线
[2026-04-28 03:57:23] [INFO] [CenterProbe] sh-local10 [sh-local10] 在线
[2026-04-28 03:58:30] [INFO] [CenterProbe] sh-local10 [sh-local10] 在线
[2026-04-28 03:59:37] [INFO] [CenterProbe] sh-local10 [sh-local10] 在线
[2026-04-28 04:00:44] [INFO] [CenterProbe] sh-local10 [sh-local10] 在线
[2026-04-28 04:01:51] [INFO] [CenterProbe] sh-local10 [sh-local10] 在线
[2026-04-28 04:02:59] [INFO] [CenterProbe] sh-local10 [sh-local10] 在线
[2026-04-28 04:04:02] [INFO] [CenterProbe] sh-local10 [sh-local10] 在线
[2026-04-28 04:05:09] [INFO] [CenterProbe] sh-local10 [sh-local10] 在线
[2026-04-28 04:06:16] [INFO] [CenterProbe] sh-local10 [sh-local10] 在线
[2026-04-28 04:07:23] [INFO] [CenterProbe] sh-local10 [sh-local10] 在线
[2026-04-28 04:08:30] [INFO] [CenterProbe] sh-local10 [sh-local10] 在线
[2026-04-28 04:09:37] [INFO] [CenterProbe] sh-local10 [sh-local10] 在线
[2026-04-28 04:10:45] [INFO] [CenterProbe] sh-local10 [sh-local10] 在线
[2026-04-28 04:11:48] [INFO] [CenterProbe] sh-local10 [sh-local10] 在线
[2026-04-28 04:12:55] [INFO] [CenterProbe] sh-local10 [sh-local10] 在线
[2026-04-28 04:14:02] [INFO] [CenterProbe] sh-local10 [sh-local10] 在线
[2026-04-28 04:15:09] [INFO] [CenterProbe] sh-local10 [sh-local10] 在线
[2026-04-28 04:16:16] [INFO] [CenterProbe] sh-local10 [sh-local10] 在线
[2026-04-28 04:17:23] [INFO] [CenterProbe] sh-local10 [sh-local10] 在线
[2026-04-28 04:18:30] [INFO] [CenterProbe] sh-local10 [sh-local10] 在线
[2026-04-28 04:19:38] [INFO] [CenterProbe] sh-local10 [sh-local10] 在线
[2026-04-28 04:20:41] [INFO] [CenterProbe] sh-local10 [sh-local10] 在线
[2026-04-28 04:21:48] [INFO] [CenterProbe] sh-local10 [sh-local10] 在线
[2026-04-28 04:22:56] [INFO] [CenterProbe] sh-local10 [sh-local10] 在线
[2026-04-28 04:24:03] [INFO] [CenterProbe] sh-local10 [sh-local10] 在线
[2026-04-28 04:25:10] [INFO] [CenterProbe] sh-local10 [sh-local10] 在线
[2026-04-28 04:26:17] [INFO] [CenterProbe] sh-local10 [sh-local10] 在线
[2026-04-28 04:27:24] [INFO] [CenterProbe] sh-local10 [sh-local10] 在线
[2026-04-28 04:28:28] [INFO] [CenterProbe] sh-local10 [sh-local10] 在线
[2026-04-28 04:29:35] [INFO] [CenterProbe] sh-local10 [sh-local10] 在线
[2026-04-28 04:30:42] [INFO] [CenterProbe] sh-local10 [sh-local10] 在线
[2026-04-28 04:31:49] [INFO] [CenterProbe] sh-local10 [sh-local10] 在线
[2026-04-28 04:32:56] [INFO] [CenterProbe] sh-local10 [sh-local10] 在线
[2026-04-28 04:34:03] [INFO] [CenterProbe] sh-local10 [sh-local10] 在线
[2026-04-28 04:35:10] [INFO] [CenterProbe] sh-local10 [sh-local10] 在线
[2026-04-28 04:36:14] [INFO] [CenterProbe] sh-local10 [sh-local10] 在线
[2026-04-28 04:37:21] [INFO] [CenterProbe] sh-local10 [sh-local10] 在线
[2026-04-28 04:38:28] [INFO] [CenterProbe] sh-local10 [sh-local10] 在线
[2026-04-28 04:39:35] [INFO] [CenterProbe] sh-local10 [sh-local10] 在线
[2026-04-28 04:40:42] [INFO] [CenterProbe] sh-local10 [sh-local10] 在线
[2026-04-28 04:41:50] [INFO] [CenterProbe] sh-local10 [sh-local10] 在线
[2026-04-28 04:42:57] [INFO] [CenterProbe] sh-local10 [sh-local10] 在线
[2026-04-28 04:44:00] [INFO] [CenterProbe] sh-local10 [sh-local10] 在线
[2026-04-28 04:45:08] [INFO] [CenterProbe] sh-local10 [sh-local10] 在线
[2026-04-28 04:46:13] [INFO] [CenterProbe] sh-local10 [sh-local10] 在线
[2026-04-28 04:47:15] [INFO] [CenterProbe] sh-local10 [sh-local10] 在线
[2026-04-28 04:48:20] [INFO] [CenterProbe] sh-local10 [sh-local10] 在线
[2026-04-28 04:49:23] [INFO] [CenterProbe] sh-local10 [sh-local10] 在线
[2026-04-28 04:50:23] [INFO] [CenterProbe] sh-local10 [sh-local10] 在线
[2026-04-28 04:51:27] [INFO] [CenterProbe] sh-local10 [sh-local10] 在线
[2026-04-28 04:52:33] [INFO] [CenterProbe] sh-local10 [sh-local10] 在线
[2026-04-28 04:53:33] [INFO] [CenterProbe] sh-local10 [sh-local10] 在线
[2026-04-28 04:54:36] [INFO] [CenterProbe] sh-local10 [sh-local10] 在线
[2026-04-28 04:55:36] [INFO] [CenterProbe] sh-local10 [sh-local10] 在线
[2026-04-28 04:56:40] [INFO] [CenterProbe] sh-local10 [sh-local10] 在线
[2026-04-28 04:57:47] [INFO] [CenterProbe] sh-local10 [sh-local10] 在线
[2026-04-28 04:58:50] [INFO] [CenterProbe] sh-local10 [sh-local10] 在线
[2026-04-28 04:59:56] [INFO] [CenterProbe] sh-local10 [sh-local10] 在线
[2026-04-28 05:01:01] [INFO] [CenterProbe] sh-local10 [sh-local10] 在线
[2026-04-28 05:02:01] [INFO] [CenterProbe] sh-local10 [sh-local10] 在线
[2026-04-28 05:03:07] [INFO] [CenterProbe] sh-local10 [sh-local10] 在线
[2026-04-28 05:04:12] [INFO] [CenterProbe] sh-local10 [sh-local10] 在线
[2026-04-28 05:05:18] [INFO] [CenterProbe] sh-local10 [sh-local10] 在线
[2026-04-28 05:06:24] [INFO] [CenterProbe] sh-local10 [sh-local10] 在线
[2026-04-28 05:07:29] [INFO] [CenterProbe] sh-local10 [sh-local10] 在线
[2026-04-28 05:08:34] [INFO] [CenterProbe] sh-local10 [sh-local10] 在线
[2026-04-28 05:09:38] [INFO] [CenterProbe] sh-local10 [sh-local10] 在线
[2026-04-28 05:10:44] [INFO] [CenterProbe] sh-local10 [sh-local10] 在线
[2026-04-28 05:11:49] [INFO] [CenterProbe] sh-local10 [sh-local10] 在线
[2026-04-28 05:12:55] [INFO] [CenterProbe] sh-local10 [sh-local10] 在线
[2026-04-28 05:13:58] [INFO] [CenterProbe] sh-local10 [sh-local10] 在线
[2026-04-28 05:15:05] [INFO] [CenterProbe] sh-local10 [sh-local10] 在线
[2026-04-28 05:16:10] [INFO] [CenterProbe] sh-local10 [sh-local10] 在线
[2026-04-28 05:17:13] [INFO] [CenterProbe] sh-local10 [sh-local10] 在线
[2026-04-28 05:18:18] [INFO] [CenterProbe] sh-local10 [sh-local10] 在线
[2026-04-28 05:19:18] [INFO] [CenterProbe] sh-local10 [sh-local10] 在线
[2026-04-28 05:20:23] [INFO] [CenterProbe] sh-local10 [sh-local10] 在线
[2026-04-28 05:21:25] [INFO] [CenterProbe] sh-local10 [sh-local10] 在线
[2026-04-28 05:22:25] [INFO] [CenterProbe] sh-local10 [sh-local10] 在线
[2026-04-28 05:23:28] [INFO] [CenterProbe] sh-local10 [sh-local10] 在线
[2026-04-28 05:24:30] [INFO] [CenterProbe] sh-local10 [sh-local10] 在线
[2026-04-28 05:25:32] [INFO] [CenterProbe] sh-local10 [sh-local10] 在线
[2026-04-28 05:26:35] [INFO] [CenterProbe] sh-local10 [sh-local10] 在线
[2026-04-28 05:27:40] [INFO] [CenterProbe] sh-local10 [sh-local10] 在线
[2026-04-28 05:28:44] [INFO] [CenterProbe] sh-local10 [sh-local10] 在线
[2026-04-28 05:29:49] [INFO] [CenterProbe] sh-local10 [sh-local10] 在线
[2026-04-28 05:30:54] [INFO] [CenterProbe] sh-local10 [sh-local10] 在线
[2026-04-28 05:31:59] [INFO] [CenterProbe] sh-local10 [sh-local10] 在线
[2026-04-28 05:33:05] [INFO] [CenterProbe] sh-local10 [sh-local10] 在线
[2026-04-28 05:34:08] [INFO] [CenterProbe] sh-local10 [sh-local10] 在线
[2026-04-28 05:35:12] [INFO] [CenterProbe] sh-local10 [sh-local10] 在线
[2026-04-28 05:36:18] [INFO] [CenterProbe] sh-local10 [sh-local10] 在线
[2026-04-28 05:37:21] [INFO] [CenterProbe] sh-local10 [sh-local10] 在线
[2026-04-28 05:38:23] [INFO] [CenterProbe] sh-local10 [sh-local10] 在线
[2026-04-28 05:39:28] [INFO] [CenterProbe] sh-local10 [sh-local10] 在线
[2026-04-28 05:40:31] [INFO] [CenterProbe] sh-local10 [sh-local10] 在线
[2026-04-28 05:41:36] [INFO] [CenterProbe] sh-local10 [sh-local10] 在线
[2026-04-28 05:42:39] [INFO] [CenterProbe] sh-local10 [sh-local10] 在线
[2026-04-28 05:43:39] [INFO] [CenterProbe] sh-local10 [sh-local10] 在线
[2026-04-28 05:44:42] [INFO] [CenterProbe] sh-local10 [sh-local10] 在线
[2026-04-28 05:45:46] [INFO] [CenterProbe] sh-local10 [sh-local10] 在线
[2026-04-28 05:46:46] [INFO] [CenterProbe] sh-local10 [sh-local10] 在线
[2026-04-28 05:47:50] [INFO] [CenterProbe] sh-local10 [sh-local10] 在线
[2026-04-28 05:48:54] [INFO] [CenterProbe] sh-local10 [sh-local10] 在线
[2026-04-28 05:50:00] [INFO] [CenterProbe] sh-local10 [sh-local10] 在线
[2026-04-28 05:51:04] [INFO] [CenterProbe] sh-local10 [sh-local10] 在线
[2026-04-28 05:52:09] [INFO] [CenterProbe] sh-local10 [sh-local10] 在线
[2026-04-28 05:53:12] [INFO] [CenterProbe] sh-local10 [sh-local10] 在线
[2026-04-28 05:54:17] [INFO] [CenterProbe] sh-local10 [sh-local10] 在线
[2026-04-28 05:55:20] [INFO] [CenterProbe] sh-local10 [sh-local10] 在线
[2026-04-28 05:56:24] [INFO] [CenterProbe] sh-local10 [sh-local10] 在线
[2026-04-28 05:57:29] [INFO] [CenterProbe] sh-local10 [sh-local10] 在线
[2026-04-28 05:58:32] [INFO] [CenterProbe] sh-local10 [sh-local10] 在线
[2026-04-28 05:59:37] [INFO] [CenterProbe] sh-local10 [sh-local10] 在线
[2026-04-28 06:00:43] [INFO] [CenterProbe] sh-local10 [sh-local10] 在线
[2026-04-28 06:01:49] [INFO] [CenterProbe] sh-local10 [sh-local10] 在线
[2026-04-28 06:02:51] [INFO] [CenterProbe] sh-local10 [sh-local10] 在线
[2026-04-28 06:03:57] [INFO] [CenterProbe] sh-local10 [sh-local10] 在线
[2026-04-28 06:05:00] [INFO] [CenterProbe] sh-local10 [sh-local10] 在线
[2026-04-28 06:06:03] [INFO] [CenterProbe] sh-local10 [sh-local10] 在线
[2026-04-28 06:07:08] [INFO] [CenterProbe] sh-local10 [sh-local10] 在线
[2026-04-28 06:08:12] [INFO] [CenterProbe] sh-local10 [sh-local10] 在线
[2026-04-28 06:09:17] [INFO] [CenterProbe] sh-local10 [sh-local10] 在线
[2026-04-28 06:10:22] [INFO] [CenterProbe] sh-local10 [sh-local10] 在线
[2026-04-28 06:11:25] [INFO] [CenterProbe] sh-local10 [sh-local10] 在线
[2026-04-28 06:12:30] [INFO] [CenterProbe] sh-local10 [sh-local10] 在线
[2026-04-28 06:13:36] [INFO] [CenterProbe] sh-local10 [sh-local10] 在线
[2026-04-28 06:14:39] [INFO] [CenterProbe] sh-local10 [sh-local10] 在线
[2026-04-28 06:15:44] [INFO] [CenterProbe] sh-local10 [sh-local10] 在线
[2026-04-28 06:16:49] [INFO] [CenterProbe] sh-local10 [sh-local10] 在线
[2026-04-28 06:17:54] [INFO] [CenterProbe] sh-local10 [sh-local10] 在线
[2026-04-28 06:18:56] [INFO] [CenterProbe] sh-local10 [sh-local10] 在线
[2026-04-28 06:19:59] [INFO] [CenterProbe] sh-local10 [sh-local10] 在线
[2026-04-28 06:21:02] [INFO] [CenterProbe] sh-local10 [sh-local10] 在线
[2026-04-28 06:22:07] [INFO] [CenterProbe] sh-local10 [sh-local10] 在线
[2026-04-28 06:23:12] [INFO] [CenterProbe] sh-local10 [sh-local10] 在线
[2026-04-28 06:24:18] [INFO] [CenterProbe] sh-local10 [sh-local10] 在线
[2026-04-28 06:25:21] [INFO] [CenterProbe] sh-local10 [sh-local10] 在线
[2026-04-28 06:26:28] [INFO] [CenterProbe] sh-local10 [sh-local10] 在线
[2026-04-28 06:27:31] [INFO] [CenterProbe] sh-local10 [sh-local10] 在线
[2026-04-28 06:28:35] [INFO] [CenterProbe] sh-local10 [sh-local10] 在线
[2026-04-28 06:29:41] [INFO] [CenterProbe] sh-local10 [sh-local10] 在线
[2026-04-28 06:30:45] [INFO] [CenterProbe] sh-local10 [sh-local10] 在线
[2026-04-28 06:31:51] [INFO] [CenterProbe] sh-local10 [sh-local10] 在线
[2026-04-28 06:32:54] [INFO] [CenterProbe] sh-local10 [sh-local10] 在线
[2026-04-28 06:33:58] [INFO] [CenterProbe] sh-local10 [sh-local10] 在线
[2026-04-28 06:35:03] [INFO] [CenterProbe] sh-local10 [sh-local10] 在线
[2026-04-28 06:36:10] [INFO] [CenterProbe] sh-local10 [sh-local10] 在线
[2026-04-28 06:37:12] [INFO] [CenterProbe] sh-local10 [sh-local10] 在线
[2026-04-28 06:38:18] [INFO] [CenterProbe] sh-local10 [sh-local10] 在线
[2026-04-28 06:39:18] [INFO] [CenterProbe] sh-local10 [sh-local10] 在线
[2026-04-28 06:40:21] [INFO] [CenterProbe] sh-local10 [sh-local10] 在线
[2026-04-28 06:41:25] [INFO] [CenterProbe] sh-local10 [sh-local10] 在线
[2026-04-28 06:42:28] [INFO] [CenterProbe] sh-local10 [sh-local10] 在线
[2026-04-28 06:43:30] [INFO] [CenterProbe] sh-local10 [sh-local10] 在线
[2026-04-28 06:44:33] [INFO] [CenterProbe] sh-local10 [sh-local10] 在线
[2026-04-28 06:45:39] [INFO] [CenterProbe] sh-local10 [sh-local10] 在线
[2026-04-28 06:46:44] [INFO] [CenterProbe] sh-local10 [sh-local10] 在线
[2026-04-28 06:47:50] [INFO] [CenterProbe] sh-local10 [sh-local10] 在线
[2026-04-28 06:48:56] [INFO] [CenterProbe] sh-local10 [sh-local10] 在线
[2026-04-28 06:50:02] [INFO] [CenterProbe] sh-local10 [sh-local10] 在线
[2026-04-28 06:51:05] [INFO] [CenterProbe] sh-local10 [sh-local10] 在线
[2026-04-28 06:52:09] [INFO] [CenterProbe] sh-local10 [sh-local10] 在线
[2026-04-28 06:53:13] [INFO] [CenterProbe] sh-local10 [sh-local10] 在线
[2026-04-28 06:54:19] [INFO] [CenterProbe] sh-local10 [sh-local10] 在线
[2026-04-28 06:55:24] [INFO] [CenterProbe] sh-local10 [sh-local10] 在线
[2026-04-28 06:56:30] [INFO] [CenterProbe] sh-local10 [sh-local10] 在线
[2026-04-28 06:57:36] [INFO] [CenterProbe] sh-local10 [sh-local10] 在线
[2026-04-28 06:58:42] [INFO] [CenterProbe] sh-local10 [sh-local10] 在线
[2026-04-28 06:59:45] [INFO] [CenterProbe] sh-local10 [sh-local10] 在线
[2026-04-28 07:00:51] [INFO] [CenterProbe] sh-local10 [sh-local10] 在线
[2026-04-28 07:01:56] [INFO] [CenterProbe] sh-local10 [sh-local10] 在线
[2026-04-28 07:03:02] [INFO] [CenterProbe] sh-local10 [sh-local10] 在线
[2026-04-28 07:04:08] [INFO] [CenterProbe] sh-local10 [sh-local10] 在线
[2026-04-28 07:05:14] [INFO] [CenterProbe] sh-local10 [sh-local10] 在线
[2026-04-28 07:06:20] [INFO] [CenterProbe] sh-local10 [sh-local10] 在线
[2026-04-28 07:07:24] [INFO] [CenterProbe] sh-local10 [sh-local10] 在线
[2026-04-28 07:08:30] [INFO] [CenterProbe] sh-local10 [sh-local10] 在线
[2026-04-28 07:09:35] [INFO] [CenterProbe] sh-local10 [sh-local10] 在线
[2026-04-28 07:10:41] [INFO] [CenterProbe] sh-local10 [sh-local10] 在线
[2026-04-28 07:11:44] [INFO] [CenterProbe] sh-local10 [sh-local10] 在线
[2026-04-28 07:12:49] [INFO] [CenterProbe] sh-local10 [sh-local10] 在线
[2026-04-28 07:13:56] [INFO] [CenterProbe] sh-local10 [sh-local10] 在线
[2026-04-28 07:15:03] [INFO] [CenterProbe] sh-local10 [sh-local10] 在线
[2026-04-28 07:16:10] [INFO] [CenterProbe] sh-local10 [sh-local10] 在线
[2026-04-28 07:17:17] [INFO] [CenterProbe] sh-local10 [sh-local10] 在线
[2026-04-28 07:18:24] [INFO] [CenterProbe] sh-local10 [sh-local10] 在线
[2026-04-28 07:19:28] [INFO] [CenterProbe] sh-local10 [sh-local10] 在线
[2026-04-28 07:20:35] [INFO] [CenterProbe] sh-local10 [sh-local10] 在线
[2026-04-28 07:21:42] [INFO] [CenterProbe] sh-local10 [sh-local10] 在线
[2026-04-28 07:22:49] [INFO] [CenterProbe] sh-local10 [sh-local10] 在线
[2026-04-28 07:23:56] [INFO] [CenterProbe] sh-local10 [sh-local10] 在线
[2026-04-28 07:25:01] [INFO] [CenterProbe] sh-local10 [sh-local10] 在线
[2026-04-28 07:26:01] [INFO] [CenterProbe] sh-local10 [sh-local10] 在线
[2026-04-28 07:27:06] [INFO] [CenterProbe] sh-local10 [sh-local10] 在线
[2026-04-28 07:28:11] [INFO] [CenterProbe] sh-local10 [sh-local10] 在线
[2026-04-28 07:29:17] [INFO] [CenterProbe] sh-local10 [sh-local10] 在线
[2026-04-28 07:30:23] [INFO] [CenterProbe] sh-local10 [sh-local10] 在线
[2026-04-28 07:31:25] [INFO] [CenterProbe] sh-local10 [sh-local10] 在线
[2026-04-28 07:32:31] [INFO] [CenterProbe] sh-local10 [sh-local10] 在线
[2026-04-28 07:33:36] [INFO] [CenterProbe] sh-local10 [sh-local10] 在线
[2026-04-28 07:34:42] [INFO] [CenterProbe] sh-local10 [sh-local10] 在线
[2026-04-28 07:35:47] [INFO] [CenterProbe] sh-local10 [sh-local10] 在线
[2026-04-28 07:36:53] [INFO] [CenterProbe] sh-local10 [sh-local10] 在线
[2026-04-28 07:37:56] [INFO] [CenterProbe] sh-local10 [sh-local10] 在线
[2026-04-28 07:39:02] [INFO] [CenterProbe] sh-local10 [sh-local10] 在线
[2026-04-28 07:40:08] [INFO] [CenterProbe] sh-local10 [sh-local10] 在线
[2026-04-28 07:41:14] [INFO] [CenterProbe] sh-local10 [sh-local10] 在线
[2026-04-28 07:42:18] [INFO] [CenterProbe] sh-local10 [sh-local10] 在线
[2026-04-28 07:43:24] [INFO] [CenterProbe] sh-local10 [sh-local10] 在线
[2026-04-28 07:44:32] [INFO] [CenterProbe] sh-local10 [sh-local10] 在线
[2026-04-28 07:45:39] [INFO] [CenterProbe] sh-local10 [sh-local10] 在线
[2026-04-28 07:46:46] [INFO] [CenterProbe] sh-local10 [sh-local10] 在线
[2026-04-28 07:47:53] [INFO] [CenterProbe] sh-local10 [sh-local10] 在线
[2026-04-28 07:49:00] [INFO] [CenterProbe] sh-local10 [sh-local10] 在线
[2026-04-28 07:50:04] [INFO] [CenterProbe] sh-local10 [sh-local10] 在线
[2026-04-28 07:51:11] [INFO] [CenterProbe] sh-local10 [sh-local10] 在线
[2026-04-28 07:52:18] [INFO] [CenterProbe] sh-local10 [sh-local10] 在线
[2026-04-28 07:53:25] [INFO] [CenterProbe] sh-local10 [sh-local10] 在线
[2026-04-28 07:54:32] [INFO] [CenterProbe] sh-local10 [sh-local10] 在线
[2026-04-28 07:55:38] [INFO] [CenterProbe] sh-local10 [sh-local10] 在线
[2026-04-28 07:56:46] [INFO] [CenterProbe] sh-local10 [sh-local10] 在线
[2026-04-28 07:57:49] [INFO] [CenterProbe] sh-local10 [sh-local10] 在线
[2026-04-28 07:58:56] [INFO] [CenterProbe] sh-local10 [sh-local10] 在线
[2026-04-28 08:00:04] [INFO] [CenterProbe] sh-local10 [sh-local10] 在线
[2026-04-28 08:01:11] [INFO] [CenterProbe] sh-local10 [sh-local10] 在线
[2026-04-28 08:02:18] [INFO] [CenterProbe] sh-local10 [sh-local10] 在线
[2026-04-28 08:03:22] [INFO] [CenterProbe] sh-local10 [sh-local10] 在线
[2026-04-28 08:04:22] [INFO] [CenterProbe] sh-local10 [sh-local10] 在线
[2026-04-28 08:05:26] [INFO] [CenterProbe] sh-local10 [sh-local10] 在线
[2026-04-28 08:06:31] [INFO] [CenterProbe] sh-local10 [sh-local10] 在线
[2026-04-28 08:07:37] [INFO] [CenterProbe] sh-local10 [sh-local10] 在线
[2026-04-28 08:08:42] [INFO] [CenterProbe] sh-local10 [sh-local10] 在线
[2026-04-28 08:09:45] [INFO] [CenterProbe] sh-local10 [sh-local10] 在线
[2026-04-28 08:10:51] [INFO] [CenterProbe] sh-local10 [sh-local10] 在线
[2026-04-28 08:11:57] [INFO] [CenterProbe] sh-local10 [sh-local10] 在线
[2026-04-28 08:13:03] [INFO] [CenterProbe] sh-local10 [sh-local10] 在线
[2026-04-28 08:14:08] [INFO] [CenterProbe] sh-local10 [sh-local10] 在线
[2026-04-28 08:15:14] [INFO] [CenterProbe] sh-local10 [sh-local10] 在线
[2026-04-28 08:16:20] [INFO] [CenterProbe] sh-local10 [sh-local10] 在线
[2026-04-28 08:17:23] [INFO] [CenterProbe] sh-local10 [sh-local10] 在线
[2026-04-28 08:18:29] [INFO] [CenterProbe] sh-local10 [sh-local10] 在线
[2026-04-28 08:19:35] [INFO] [CenterProbe] sh-local10 [sh-local10] 在线
[2026-04-28 08:20:40] [INFO] [CenterProbe] sh-local10 [sh-local10] 在线
[2026-04-28 08:21:46] [INFO] [CenterProbe] sh-local10 [sh-local10] 在线
[2026-04-28 08:22:52] [INFO] [CenterProbe] sh-local10 [sh-local10] 在线
[2026-04-28 08:23:58] [INFO] [CenterProbe] sh-local10 [sh-local10] 在线
[2026-04-28 08:25:05] [INFO] [CenterProbe] sh-local10 [sh-local10] 在线
[2026-04-28 08:26:08] [INFO] [CenterProbe] sh-local10 [sh-local10] 在线
[2026-04-28 08:27:16] [INFO] [CenterProbe] sh-local10 [sh-local10] 在线
[2026-04-28 08:28:23] [INFO] [CenterProbe] sh-local10 [sh-local10] 在线
[2026-04-28 08:29:30] [INFO] [CenterProbe] sh-local10 [sh-local10] 在线
[2026-04-28 08:30:37] [INFO] [CenterProbe] sh-local10 [sh-local10] 在线
[2026-04-28 08:31:44] [INFO] [CenterProbe] sh-local10 [sh-local10] 在线
[2026-04-28 08:32:51] [INFO] [CenterProbe] sh-local10 [sh-local10] 在线
[2026-04-28 08:33:55] [INFO] [CenterProbe] sh-local10 [sh-local10] 在线
[2026-04-28 08:35:02] [INFO] [CenterProbe] sh-local10 [sh-local10] 在线
[2026-04-28 08:36:09] [INFO] [CenterProbe] sh-local10 [sh-local10] 在线
[2026-04-28 08:37:16] [INFO] [CenterProbe] sh-local10 [sh-local10] 在线
[2026-04-28 08:38:23] [INFO] [CenterProbe] sh-local10 [sh-local10] 在线
[2026-04-28 08:39:30] [INFO] [CenterProbe] sh-local10 [sh-local10] 在线
[2026-04-28 08:40:37] [INFO] [CenterProbe] sh-local10 [sh-local10] 在线
[2026-04-28 08:41:41] [INFO] [CenterProbe] sh-local10 [sh-local10] 在线
[2026-04-28 08:42:48] [INFO] [CenterProbe] sh-local10 [sh-local10] 在线
[2026-04-28 08:43:55] [INFO] [CenterProbe] sh-local10 [sh-local10] 在线
[2026-04-28 08:45:03] [INFO] [CenterProbe] sh-local10 [sh-local10] 在线
[2026-04-28 08:46:10] [INFO] [CenterProbe] sh-local10 [sh-local10] 在线
[2026-04-28 08:47:17] [INFO] [CenterProbe] sh-local10 [sh-local10] 在线
[2026-04-28 08:48:24] [INFO] [CenterProbe] sh-local10 [sh-local10] 在线
[2026-04-28 08:49:28] [INFO] [CenterProbe] sh-local10 [sh-local10] 在线
[2026-04-28 08:50:35] [INFO] [CenterProbe] sh-local10 [sh-local10] 在线
[2026-04-28 08:51:42] [INFO] [CenterProbe] sh-local10 [sh-local10] 在线
[2026-04-28 08:52:49] [INFO] [CenterProbe] sh-local10 [sh-local10] 在线
[2026-04-28 08:53:56] [INFO] [CenterProbe] sh-local10 [sh-local10] 在线
[2026-04-28 08:55:03] [INFO] [CenterProbe] sh-local10 [sh-local10] 在线
[2026-04-28 08:56:11] [INFO] [CenterProbe] sh-local10 [sh-local10] 在线
[2026-04-28 08:57:14] [INFO] [CenterProbe] sh-local10 [sh-local10] 在线
[2026-04-28 08:58:21] [INFO] [CenterProbe] sh-local10 [sh-local10] 在线
[2026-04-28 08:59:28] [INFO] [CenterProbe] sh-local10 [sh-local10] 在线
[2026-04-28 09:00:35] [INFO] [CenterProbe] sh-local10 [sh-local10] 在线
[2026-04-28 09:01:42] [INFO] [CenterProbe] sh-local10 [sh-local10] 在线
[2026-04-28 09:02:49] [INFO] [CenterProbe] sh-local10 [sh-local10] 在线
[2026-04-28 09:03:57] [INFO] [CenterProbe] sh-local10 [sh-local10] 在线
[2026-04-28 09:05:00] [INFO] [CenterProbe] sh-local10 [sh-local10] 在线
[2026-04-28 09:06:07] [INFO] [CenterProbe] sh-local10 [sh-local10] 在线
[2026-04-28 09:07:15] [INFO] [CenterProbe] sh-local10 [sh-local10] 在线
[2026-04-28 09:08:22] [INFO] [CenterProbe] sh-local10 [sh-local10] 在线
[2026-04-28 09:09:29] [INFO] [CenterProbe] sh-local10 [sh-local10] 在线
[2026-04-28 09:10:36] [INFO] [CenterProbe] sh-local10 [sh-local10] 在线
[2026-04-28 09:11:43] [INFO] [CenterProbe] sh-local10 [sh-local10] 在线
[2026-04-28 09:12:50] [INFO] [CenterProbe] sh-local10 [sh-local10] 在线
[2026-04-28 09:13:54] [INFO] [CenterProbe] sh-local10 [sh-local10] 在线
[2026-04-28 09:15:01] [INFO] [CenterProbe] sh-local10 [sh-local10] 在线
[2026-04-28 09:16:08] [INFO] [CenterProbe] sh-local10 [sh-local10] 在线
[2026-04-28 09:17:15] [INFO] [CenterProbe] sh-local10 [sh-local10] 在线
[2026-04-28 09:18:23] [INFO] [CenterProbe] sh-local10 [sh-local10] 在线
[2026-04-28 09:19:30] [INFO] [CenterProbe] sh-local10 [sh-local10] 在线
[2026-04-28 09:20:36] [INFO] [CenterProbe] sh-local10 [sh-local10] 在线
[2026-04-28 09:21:40] [INFO] [CenterProbe] sh-local10 [sh-local10] 在线
[2026-04-28 09:22:47] [INFO] [CenterProbe] sh-local10 [sh-local10] 在线
[2026-04-28 09:23:54] [INFO] [CenterProbe] sh-local10 [sh-local10] 在线
[2026-04-28 09:25:02] [INFO] [CenterProbe] sh-local10 [sh-local10] 在线
[2026-04-28 09:26:09] [INFO] [CenterProbe] sh-local10 [sh-local10] 在线
[2026-04-28 09:27:16] [INFO] [CenterProbe] sh-local10 [sh-local10] 在线
[2026-04-28 09:28:23] [INFO] [CenterProbe] sh-local10 [sh-local10] 在线
[2026-04-28 09:29:27] [INFO] [CenterProbe] sh-local10 [sh-local10] 在线
[2026-04-28 09:30:34] [INFO] [CenterProbe] sh-local10 [sh-local10] 在线
[2026-04-28 09:31:41] [INFO] [CenterProbe] sh-local10 [sh-local10] 在线
[2026-04-28 09:32:48] [INFO] [CenterProbe] sh-local10 [sh-local10] 在线
[2026-04-28 09:33:55] [INFO] [CenterProbe] sh-local10 [sh-local10] 在线
[2026-04-28 09:35:02] [INFO] [CenterProbe] sh-local10 [sh-local10] 在线
[2026-04-28 09:36:10] [INFO] [CenterProbe] sh-local10 [sh-local10] 在线
[2026-04-28 09:37:13] [INFO] [CenterProbe] sh-local10 [sh-local10] 在线
[2026-04-28 09:38:20] [INFO] [CenterProbe] sh-local10 [sh-local10] 在线
[2026-04-28 09:39:28] [INFO] [CenterProbe] sh-local10 [sh-local10] 在线
[2026-04-28 09:40:35] [INFO] [CenterProbe] sh-local10 [sh-local10] 在线
[2026-04-28 09:41:42] [INFO] [CenterProbe] sh-local10 [sh-local10] 在线
[2026-04-28 09:42:49] [INFO] [CenterProbe] sh-local10 [sh-local10] 在线
[2026-04-28 09:43:56] [INFO] [CenterProbe] sh-local10 [sh-local10] 在线
[2026-04-28 09:45:00] [INFO] [CenterProbe] sh-local10 [sh-local10] 在线
[2026-04-28 09:46:07] [INFO] [CenterProbe] sh-local10 [sh-local10] 在线
[2026-04-28 09:47:14] [INFO] [CenterProbe] sh-local10 [sh-local10] 在线
[2026-04-28 09:48:21] [INFO] [CenterProbe] sh-local10 [sh-local10] 在线
[2026-04-28 09:49:28] [INFO] [CenterProbe] sh-local10 [sh-local10] 在线
[2026-04-28 09:50:35] [INFO] [CenterProbe] sh-local10 [sh-local10] 在线
[2026-04-28 09:51:43] [INFO] [CenterProbe] sh-local10 [sh-local10] 在线
[2026-04-28 09:52:46] [INFO] [CenterProbe] sh-local10 [sh-local10] 在线
[2026-04-28 09:53:53] [INFO] [CenterProbe] sh-local10 [sh-local10] 在线
[2026-04-28 09:55:01] [INFO] [CenterProbe] sh-local10 [sh-local10] 在线
[2026-04-28 09:56:08] [INFO] [CenterProbe] sh-local10 [sh-local10] 在线
[2026-04-28 09:57:15] [INFO] [CenterProbe] sh-local10 [sh-local10] 在线
[2026-04-28 09:58:22] [INFO] [CenterProbe] sh-local10 [sh-local10] 在线
[2026-04-28 09:59:29] [INFO] [CenterProbe] sh-local10 [sh-local10] 在线
[2026-04-28 10:00:36] [INFO] [CenterProbe] sh-local10 [sh-local10] 在线
[2026-04-28 10:01:40] [INFO] [CenterProbe] sh-local10 [sh-local10] 在线
[2026-04-28 10:02:47] [INFO] [CenterProbe] sh-local10 [sh-local10] 在线
[2026-04-28 10:03:54] [INFO] [CenterProbe] sh-local10 [sh-local10] 在线
[2026-04-28 10:05:01] [INFO] [CenterProbe] sh-local10 [sh-local10] 在线
[2026-04-28 10:06:08] [INFO] [CenterProbe] sh-local10 [sh-local10] 在线
[2026-04-28 10:07:15] [INFO] [CenterProbe] sh-local10 [sh-local10] 在线
[2026-04-28 10:08:22] [INFO] [CenterProbe] sh-local10 [sh-local10] 在线
[2026-04-28 10:09:26] [INFO] [CenterProbe] sh-local10 [sh-local10] 在线
[2026-04-28 10:10:33] [INFO] [CenterProbe] sh-local10 [sh-local10] 在线
[2026-04-28 10:11:40] [INFO] [CenterProbe] sh-local10 [sh-local10] 在线
[2026-04-28 10:12:47] [INFO] [CenterProbe] sh-local10 [sh-local10] 在线
[2026-04-28 10:13:55] [INFO] [CenterProbe] sh-local10 [sh-local10] 在线
[2026-04-28 10:15:02] [INFO] [CenterProbe] sh-local10 [sh-local10] 在线
[2026-04-28 10:16:09] [INFO] [CenterProbe] sh-local10 [sh-local10] 在线
[2026-04-28 10:17:13] [INFO] [CenterProbe] sh-local10 [sh-local10] 在线
[2026-04-28 10:18:20] [INFO] [CenterProbe] sh-local10 [sh-local10] 在线
[2026-04-28 10:19:27] [INFO] [CenterProbe] sh-local10 [sh-local10] 在线
[2026-04-28 10:20:34] [INFO] [CenterProbe] sh-local10 [sh-local10] 在线
[2026-04-28 10:21:41] [INFO] [CenterProbe] sh-local10 [sh-local10] 在线
[2026-04-28 10:22:48] [INFO] [CenterProbe] sh-local10 [sh-local10] 在线
[2026-04-28 10:23:55] [INFO] [CenterProbe] sh-local10 [sh-local10] 在线
[2026-04-28 10:24:59] [INFO] [CenterProbe] sh-local10 [sh-local10] 在线
[2026-04-28 10:26:06] [INFO] [CenterProbe] sh-local10 [sh-local10] 在线
[2026-04-28 10:27:13] [INFO] [CenterProbe] sh-local10 [sh-local10] 在线
[2026-04-28 10:28:20] [INFO] [CenterProbe] sh-local10 [sh-local10] 在线
[2026-04-28 10:29:28] [INFO] [CenterProbe] sh-local10 [sh-local10] 在线
[2026-04-28 10:30:35] [INFO] [CenterProbe] sh-local10 [sh-local10] 在线
[2026-04-28 10:31:42] [INFO] [CenterProbe] sh-local10 [sh-local10] 在线
[2026-04-28 10:32:46] [INFO] [CenterProbe] sh-local10 [sh-local10] 在线
[2026-04-28 10:33:53] [INFO] [CenterProbe] sh-local10 [sh-local10] 在线
[2026-04-28 10:35:00] [INFO] [CenterProbe] sh-local10 [sh-local10] 在线
[2026-04-28 10:36:07] [INFO] [CenterProbe] sh-local10 [sh-local10] 在线
[2026-04-28 10:37:14] [INFO] [CenterProbe] sh-local10 [sh-local10] 在线
[2026-04-28 10:38:21] [INFO] [CenterProbe] sh-local10 [sh-local10] 在线
[2026-04-28 10:39:29] [INFO] [CenterProbe] sh-local10 [sh-local10] 在线
[2026-04-28 10:40:32] [INFO] [CenterProbe] sh-local10 [sh-local10] 在线
[2026-04-28 10:41:39] [INFO] [CenterProbe] sh-local10 [sh-local10] 在线
[2026-04-28 10:42:46] [INFO] [CenterProbe] sh-local10 [sh-local10] 在线
[2026-04-28 10:43:54] [INFO] [CenterProbe] sh-local10 [sh-local10] 在线
[2026-04-28 10:45:00] [INFO] [CenterProbe] sh-local10 [sh-local10] 在线
[2026-04-28 10:46:07] [INFO] [CenterProbe] sh-local10 [sh-local10] 在线
[2026-04-28 10:47:15] [INFO] [CenterProbe] sh-local10 [sh-local10] 在线
[2026-04-28 10:48:22] [INFO] [CenterProbe] sh-local10 [sh-local10] 在线
[2026-04-28 10:49:25] [INFO] [CenterProbe] sh-local10 [sh-local10] 在线
[2026-04-28 10:50:33] [INFO] [CenterProbe] sh-local10 [sh-local10] 在线
[2026-04-28 10:51:40] [INFO] [CenterProbe] sh-local10 [sh-local10] 在线
[2026-04-28 10:52:47] [INFO] [CenterProbe] sh-local10 [sh-local10] 在线
[2026-04-28 10:53:54] [INFO] [CenterProbe] sh-local10 [sh-local10] 在线
[2026-04-28 10:55:01] [INFO] [CenterProbe] sh-local10 [sh-local10] 在线
[2026-04-28 10:56:08] [INFO] [CenterProbe] sh-local10 [sh-local10] 在线
[2026-04-28 10:57:12] [INFO] [CenterProbe] sh-local10 [sh-local10] 在线
[2026-04-28 10:58:19] [INFO] [CenterProbe] sh-local10 [sh-local10] 在线
[2026-04-28 10:59:26] [INFO] [CenterProbe] sh-local10 [sh-local10] 在线
[2026-04-28 11:00:34] [INFO] [CenterProbe] sh-local10 [sh-local10] 在线
[2026-04-28 11:01:41] [INFO] [CenterProbe] sh-local10 [sh-local10] 在线
[2026-04-28 11:02:48] [INFO] [CenterProbe] sh-local10 [sh-local10] 在线
[2026-04-28 11:03:55] [INFO] [CenterProbe] sh-local10 [sh-local10] 在线
[2026-04-28 11:04:59] [INFO] [CenterProbe] sh-local10 [sh-local10] 在线
[2026-04-28 11:06:06] [INFO] [CenterProbe] sh-local10 [sh-local10] 在线
[2026-04-28 11:07:13] [INFO] [CenterProbe] sh-local10 [sh-local10] 在线
[2026-04-28 11:08:20] [INFO] [CenterProbe] sh-local10 [sh-local10] 在线
[2026-04-28 11:09:27] [INFO] [CenterProbe] sh-local10 [sh-local10] 在线
[2026-04-28 11:10:34] [INFO] [CenterProbe] sh-local10 [sh-local10] 在线
[2026-04-28 11:11:41] [INFO] [CenterProbe] sh-local10 [sh-local10] 在线
[2026-04-28 11:12:45] [INFO] [CenterProbe] sh-local10 [sh-local10] 在线
[2026-04-28 11:13:52] [INFO] [CenterProbe] sh-local10 [sh-local10] 在线
[2026-04-28 11:14:59] [INFO] [CenterProbe] sh-local10 [sh-local10] 在线
[2026-04-28 11:16:06] [INFO] [CenterProbe] sh-local10 [sh-local10] 在线
[2026-04-28 11:17:14] [INFO] [CenterProbe] sh-local10 [sh-local10] 在线
[2026-04-28 11:18:21] [INFO] [CenterProbe] sh-local10 [sh-local10] 在线
[2026-04-28 11:19:28] [INFO] [CenterProbe] sh-local10 [sh-local10] 在线
[2026-04-28 11:20:31] [INFO] [CenterProbe] sh-local10 [sh-local10] 在线
[2026-04-28 11:21:39] [INFO] [CenterProbe] sh-local10 [sh-local10] 在线
[2026-04-28 11:22:46] [INFO] [CenterProbe] sh-local10 [sh-local10] 在线
[2026-04-28 11:23:53] [INFO] [CenterProbe] sh-local10 [sh-local10] 在线
[2026-04-28 11:25:00] [INFO] [CenterProbe] sh-local10 [sh-local10] 在线
[2026-04-28 11:26:07] [INFO] [CenterProbe] sh-local10 [sh-local10] 在线
[2026-04-28 11:27:14] [INFO] [CenterProbe] sh-local10 [sh-local10] 在线
[2026-04-28 11:28:18] [INFO] [CenterProbe] sh-local10 [sh-local10] 在线
[2026-04-28 11:29:25] [INFO] [CenterProbe] sh-local10 [sh-local10] 在线
[2026-04-28 11:30:32] [INFO] [CenterProbe] sh-local10 [sh-local10] 在线
[2026-04-28 11:31:40] [INFO] [CenterProbe] sh-local10 [sh-local10] 在线
[2026-04-28 11:32:47] [INFO] [CenterProbe] sh-local10 [sh-local10] 在线
[2026-04-28 11:33:54] [INFO] [CenterProbe] sh-local10 [sh-local10] 在线
[2026-04-28 11:35:01] [INFO] [CenterProbe] sh-local10 [sh-local10] 在线
[2026-04-28 11:36:08] [INFO] [CenterProbe] sh-local10 [sh-local10] 在线
[2026-04-28 11:37:12] [INFO] [CenterProbe] sh-local10 [sh-local10] 在线
[2026-04-28 11:38:19] [INFO] [CenterProbe] sh-local10 [sh-local10] 在线
[2026-04-28 11:39:26] [INFO] [CenterProbe] sh-local10 [sh-local10] 在线
[2026-04-28 11:40:33] [INFO] [CenterProbe] sh-local10 [sh-local10] 在线
[2026-04-28 11:41:40] [INFO] [CenterProbe] sh-local10 [sh-local10] 在线
[2026-04-28 11:42:48] [INFO] [CenterProbe] sh-local10 [sh-local10] 在线
[2026-04-28 11:43:55] [INFO] [CenterProbe] sh-local10 [sh-local10] 在线
[2026-04-28 11:44:58] [INFO] [CenterProbe] sh-local10 [sh-local10] 在线
[2026-04-28 11:46:06] [INFO] [CenterProbe] sh-local10 [sh-local10] 在线
[2026-04-28 11:47:13] [INFO] [CenterProbe] sh-local10 [sh-local10] 在线
[2026-04-28 11:48:20] [INFO] [CenterProbe] sh-local10 [sh-local10] 在线
[2026-04-28 11:49:27] [INFO] [CenterProbe] sh-local10 [sh-local10] 在线
[2026-04-28 11:50:34] [INFO] [CenterProbe] sh-local10 [sh-local10] 在线
[2026-04-28 11:51:41] [INFO] [CenterProbe] sh-local10 [sh-local10] 在线
[2026-04-28 11:52:45] [INFO] [CenterProbe] sh-local10 [sh-local10] 在线
[2026-04-28 11:53:52] [INFO] [CenterProbe] sh-local10 [sh-local10] 在线
[2026-04-28 11:54:59] [INFO] [CenterProbe] sh-local10 [sh-local10] 在线
[2026-04-28 11:56:06] [INFO] [CenterProbe] sh-local10 [sh-local10] 在线
[2026-04-28 11:57:14] [INFO] [CenterProbe] sh-local10 [sh-local10] 在线
[2026-04-28 11:58:21] [INFO] [CenterProbe] sh-local10 [sh-local10] 在线
[2026-04-28 11:59:28] [INFO] [CenterProbe] sh-local10 [sh-local10] 在线
[2026-04-28 12:00:31] [INFO] [CenterProbe] sh-local10 [sh-local10] 在线
[2026-04-28 12:01:39] [INFO] [CenterProbe] sh-local10 [sh-local10] 在线
[2026-04-28 12:02:46] [INFO] [CenterProbe] sh-local10 [sh-local10] 在线
[2026-04-28 12:03:53] [INFO] [CenterProbe] sh-local10 [sh-local10] 在线
[2026-04-28 12:05:00] [INFO] [CenterProbe] sh-local10 [sh-local10] 在线
[2026-04-28 12:06:07] [INFO] [CenterProbe] sh-local10 [sh-local10] 在线
[2026-04-28 12:07:14] [INFO] [CenterProbe] sh-local10 [sh-local10] 在线
[2026-04-28 12:08:18] [INFO] [CenterProbe] sh-local10 [sh-local10] 在线
[2026-04-28 12:09:25] [INFO] [CenterProbe] sh-local10 [sh-local10] 在线
[2026-04-28 12:10:32] [INFO] [CenterProbe] sh-local10 [sh-local10] 在线
[2026-04-28 12:11:39] [INFO] [CenterProbe] sh-local10 [sh-local10] 在线
[2026-04-28 12:12:46] [INFO] [CenterProbe] sh-local10 [sh-local10] 在线
[2026-04-28 12:13:54] [INFO] [CenterProbe] sh-local10 [sh-local10] 在线
[2026-04-28 12:15:01] [INFO] [CenterProbe] sh-local10 [sh-local10] 在线
[2026-04-28 12:16:04] [INFO] [CenterProbe] sh-local10 [sh-local10] 在线
[2026-04-28 12:17:12] [INFO] [CenterProbe] sh-local10 [sh-local10] 在线
[2026-04-28 12:18:19] [INFO] [CenterProbe] sh-local10 [sh-local10] 在线
[2026-04-28 12:19:26] [INFO] [CenterProbe] sh-local10 [sh-local10] 在线
[2026-04-28 12:20:33] [INFO] [CenterProbe] sh-local10 [sh-local10] 在线
[2026-04-28 12:21:40] [INFO] [CenterProbe] sh-local10 [sh-local10] 在线
[2026-04-28 12:22:47] [INFO] [CenterProbe] sh-local10 [sh-local10] 在线
[2026-04-28 12:23:55] [INFO] [CenterProbe] sh-local10 [sh-local10] 在线
[2026-04-28 12:24:58] [INFO] [CenterProbe] sh-local10 [sh-local10] 在线
[2026-04-28 12:26:05] [INFO] [CenterProbe] sh-local10 [sh-local10] 在线
[2026-04-28 12:27:12] [INFO] [CenterProbe] sh-local10 [sh-local10] 在线
[2026-04-28 12:28:20] [INFO] [CenterProbe] sh-local10 [sh-local10] 在线
[2026-04-28 12:29:27] [INFO] [CenterProbe] sh-local10 [sh-local10] 在线
[2026-04-28 12:30:34] [INFO] [CenterProbe] sh-local10 [sh-local10] 在线
[2026-04-28 12:31:41] [INFO] [CenterProbe] sh-local10 [sh-local10] 在线
[2026-04-28 12:32:45] [INFO] [CenterProbe] sh-local10 [sh-local10] 在线
[2026-04-28 12:33:52] [INFO] [CenterProbe] sh-local10 [sh-local10] 在线
[2026-04-28 12:34:59] [INFO] [CenterProbe] sh-local10 [sh-local10] 在线
[2026-04-28 12:36:06] [INFO] [CenterProbe] sh-local10 [sh-local10] 在线
[2026-04-28 12:37:13] [INFO] [CenterProbe] sh-local10 [sh-local10] 在线
[2026-04-28 12:38:17] [INFO] [CenterProbe] sh-local10 [sh-local10] 在线
[2026-04-28 12:39:21] [INFO] [CenterProbe] sh-local10 [sh-local10] 在线
[2026-04-28 12:40:24] [INFO] [CenterProbe] sh-local10 [sh-local10] 在线
[2026-04-28 12:41:26] [INFO] [CenterProbe] sh-local10 [sh-local10] 在线
[2026-04-28 12:42:28] [INFO] [CenterProbe] sh-local10 [sh-local10] 在线
[2026-04-28 12:43:29] [INFO] [CenterProbe] sh-local10 [sh-local10] 在线
[2026-04-28 12:44:31] [INFO] [CenterProbe] sh-local10 [sh-local10] 在线
[2026-04-28 12:45:33] [INFO] [CenterProbe] sh-local10 [sh-local10] 在线
[2026-04-28 12:46:34] [INFO] [CenterProbe] sh-local10 [sh-local10] 在线
[2026-04-28 12:47:36] [INFO] [CenterProbe] sh-local10 [sh-local10] 在线
[2026-04-28 12:48:36] [INFO] [CenterProbe] sh-local10 [sh-local10] 在线
[2026-04-28 12:49:36] [INFO] [CenterProbe] sh-local10 [sh-local10] 在线
[2026-04-28 12:50:36] [INFO] [CenterProbe] sh-local10 [sh-local10] 在线
[2026-04-28 12:51:36] [INFO] [CenterProbe] sh-local10 [sh-local10] 在线
[2026-04-28 12:52:36] [INFO] [CenterProbe] sh-local10 [sh-local10] 在线
[2026-04-28 12:53:36] [INFO] [CenterProbe] sh-local10 [sh-local10] 在线
[2026-04-28 12:54:36] [INFO] [CenterProbe] sh-local10 [sh-local10] 在线
[2026-04-28 12:55:36] [INFO] [CenterProbe] sh-local10 [sh-local10] 在线
[2026-04-28 12:56:36] [INFO] [CenterProbe] sh-local10 [sh-local10] 在线
[2026-04-28 12:57:36] [INFO] [CenterProbe] sh-local10 [sh-local10] 在线
[2026-04-28 12:58:36] [INFO] [CenterProbe] sh-local10 [sh-local10] 在线
[2026-04-28 12:59:36] [INFO] [CenterProbe] sh-local10 [sh-local10] 在线
[2026-04-28 13:00:36] [INFO] [CenterProbe] sh-local10 [sh-local10] 在线
[2026-04-28 13:01:36] [INFO] [CenterProbe] sh-local10 [sh-local10] 在线
[2026-04-28 13:02:36] [INFO] [CenterProbe] sh-local10 [sh-local10] 在线
[2026-04-28 13:03:36] [INFO] [CenterProbe] sh-local10 [sh-local10] 在线
[2026-04-28 13:04:36] [INFO] [CenterProbe] sh-local10 [sh-local10] 在线
[2026-04-28 13:05:36] [INFO] [CenterProbe] sh-local10 [sh-local10] 在线
[2026-04-28 13:06:36] [INFO] [CenterProbe] sh-local10 [sh-local10] 在线
[2026-04-28 13:07:36] [INFO] [CenterProbe] sh-local10 [sh-local10] 在线
[2026-04-28 13:08:36] [INFO] [CenterProbe] sh-local10 [sh-local10] 在线
[2026-04-28 13:09:36] [INFO] [CenterProbe] sh-local10 [sh-local10] 在线
[2026-04-28 13:10:36] [INFO] [CenterProbe] sh-local10 [sh-local10] 在线
[2026-04-28 13:11:36] [INFO] [CenterProbe] sh-local10 [sh-local10] 在线
[2026-04-28 13:12:36] [INFO] [CenterProbe] sh-local10 [sh-local10] 在线
[2026-04-28 13:13:36] [INFO] [CenterProbe] sh-local10 [sh-local10] 在线
[2026-04-28 13:14:36] [INFO] [CenterProbe] sh-local10 [sh-local10] 在线
[2026-04-28 13:15:36] [INFO] [CenterProbe] sh-local10 [sh-local10] 在线
[2026-04-28 13:16:36] [INFO] [CenterProbe] sh-local10 [sh-local10] 在线
[2026-04-28 13:17:36] [INFO] [CenterProbe] sh-local10 [sh-local10] 在线
[2026-04-28 13:18:36] [INFO] [CenterProbe] sh-local10 [sh-local10] 在线
[2026-04-28 13:19:36] [INFO] [CenterProbe] sh-local10 [sh-local10] 在线
[2026-04-28 13:20:36] [INFO] [CenterProbe] sh-local10 [sh-local10] 在线
[2026-04-28 13:21:36] [INFO] [CenterProbe] sh-local10 [sh-local10] 在线
[2026-04-28 13:22:36] [INFO] [CenterProbe] sh-local10 [sh-local10] 在线
[2026-04-28 13:23:36] [INFO] [CenterProbe] sh-local10 [sh-local10] 在线
[2026-04-28 13:24:36] [INFO] [CenterProbe] sh-local10 [sh-local10] 在线
[2026-04-28 13:25:36] [INFO] [CenterProbe] sh-local10 [sh-local10] 在线
[2026-04-28 13:26:36] [INFO] [CenterProbe] sh-local10 [sh-local10] 在线
[2026-04-28 13:27:36] [INFO] [CenterProbe] sh-local10 [sh-local10] 在线
[2026-04-28 13:28:36] [INFO] [CenterProbe] sh-local10 [sh-local10] 在线
[2026-04-28 13:29:36] [INFO] [CenterProbe] sh-local10 [sh-local10] 在线
[2026-04-28 13:30:36] [INFO] [CenterProbe] sh-local10 [sh-local10] 在线
[2026-04-28 13:31:36] [INFO] [CenterProbe] sh-local10 [sh-local10] 在线
[2026-04-28 13:32:36] [INFO] [CenterProbe] sh-local10 [sh-local10] 在线
[2026-04-28 13:33:36] [INFO] [CenterProbe] sh-local10 [sh-local10] 在线
[2026-04-28 13:34:36] [INFO] [CenterProbe] sh-local10 [sh-local10] 在线
[2026-04-28 13:35:36] [INFO] [CenterProbe] sh-local10 [sh-local10] 在线
[2026-04-28 13:36:36] [INFO] [CenterProbe] sh-local10 [sh-local10] 在线
[2026-04-28 13:37:36] [INFO] [CenterProbe] sh-local10 [sh-local10] 在线
[2026-04-28 13:38:36] [INFO] [CenterProbe] sh-local10 [sh-local10] 在线
[2026-04-28 13:39:36] [INFO] [CenterProbe] sh-local10 [sh-local10] 在线
[2026-04-28 13:40:36] [INFO] [CenterProbe] sh-local10 [sh-local10] 在线
[2026-04-28 13:41:36] [INFO] [CenterProbe] sh-local10 [sh-local10] 在线
[2026-04-28 13:42:36] [INFO] [CenterProbe] sh-local10 [sh-local10] 在线
[2026-04-28 13:43:36] [INFO] [CenterProbe] sh-local10 [sh-local10] 在线
[2026-04-28 13:44:36] [INFO] [CenterProbe] sh-local10 [sh-local10] 在线
[2026-04-28 13:45:36] [INFO] [CenterProbe] sh-local10 [sh-local10] 在线
[2026-04-28 13:46:36] [INFO] [CenterProbe] sh-local10 [sh-local10] 在线
[2026-04-28 13:47:36] [INFO] [CenterProbe] sh-local10 [sh-local10] 在线
[2026-04-28 13:48:36] [INFO] [CenterProbe] sh-local10 [sh-local10] 在线
[2026-04-28 13:49:36] [INFO] [CenterProbe] sh-local10 [sh-local10] 在线
[2026-04-28 13:50:36] [INFO] [CenterProbe] sh-local10 [sh-local10] 在线
[2026-04-28 13:51:36] [INFO] [CenterProbe] sh-local10 [sh-local10] 在线
[2026-04-28 13:52:36] [INFO] [CenterProbe] sh-local10 [sh-local10] 在线
[2026-04-28 13:53:36] [INFO] [CenterProbe] sh-local10 [sh-local10] 在线
[2026-04-28 13:54:36] [INFO] [CenterProbe] sh-local10 [sh-local10] 在线
[2026-04-28 13:55:36] [INFO] [CenterProbe] sh-local10 [sh-local10] 在线
[2026-04-28 13:56:36] [INFO] [CenterProbe] sh-local10 [sh-local10] 在线
[2026-04-28 13:57:36] [INFO] [CenterProbe] sh-local10 [sh-local10] 在线
[2026-04-28 13:58:36] [INFO] [CenterProbe] sh-local10 [sh-local10] 在线
[2026-04-28 13:59:36] [INFO] [CenterProbe] sh-local10 [sh-local10] 在线
[2026-04-28 14:00:36] [INFO] [CenterProbe] sh-local10 [sh-local10] 在线
[2026-04-28 14:01:36] [INFO] [CenterProbe] sh-local10 [sh-local10] 在线
[2026-04-28 14:02:36] [INFO] [CenterProbe] sh-local10 [sh-local10] 在线
[2026-04-28 14:03:36] [INFO] [CenterProbe] sh-local10 [sh-local10] 在线
[2026-04-28 14:04:36] [INFO] [CenterProbe] sh-local10 [sh-local10] 在线
[2026-04-28 14:05:36] [INFO] [CenterProbe] sh-local10 [sh-local10] 在线
[2026-04-28 14:06:36] [INFO] [CenterProbe] sh-local10 [sh-local10] 在线
[2026-04-28 14:07:36] [INFO] [CenterProbe] sh-local10 [sh-local10] 在线
[2026-04-28 14:08:36] [INFO] [CenterProbe] sh-local10 [sh-local10] 在线
[2026-04-28 14:09:36] [INFO] [CenterProbe] sh-local10 [sh-local10] 在线
[2026-04-28 14:10:36] [INFO] [CenterProbe] sh-local10 [sh-local10] 在线
[2026-04-28 14:11:36] [INFO] [CenterProbe] sh-local10 [sh-local10] 在线
[2026-04-28 14:12:36] [INFO] [CenterProbe] sh-local10 [sh-local10] 在线
[2026-04-28 14:13:36] [INFO] [CenterProbe] sh-local10 [sh-local10] 在线
[2026-04-28 14:14:36] [INFO] [CenterProbe] sh-local10 [sh-local10] 在线
[2026-04-28 14:15:36] [INFO] [CenterProbe] sh-local10 [sh-local10] 在线
[2026-04-28 14:16:36] [INFO] [CenterProbe] sh-local10 [sh-local10] 在线
[2026-04-28 14:17:36] [INFO] [CenterProbe] sh-local10 [sh-local10] 在线
[2026-04-28 14:18:36] [INFO] [CenterProbe] sh-local10 [sh-local10] 在线
[2026-04-28 14:19:36] [INFO] [CenterProbe] sh-local10 [sh-local10] 在线
[2026-04-28 14:20:36] [INFO] [CenterProbe] sh-local10 [sh-local10] 在线
[2026-04-28 14:21:36] [INFO] [CenterProbe] sh-local10 [sh-local10] 在线
[2026-04-28 14:22:36] [INFO] [CenterProbe] sh-local10 [sh-local10] 在线
[2026-04-28 14:23:36] [INFO] [CenterProbe] sh-local10 [sh-local10] 在线
[2026-04-28 14:24:36] [INFO] [CenterProbe] sh-local10 [sh-local10] 在线
[2026-04-28 14:25:36] [INFO] [CenterProbe] sh-local10 [sh-local10] 在线
[2026-04-28 14:26:36] [INFO] [CenterProbe] sh-local10 [sh-local10] 在线
[2026-04-28 14:27:36] [INFO] [CenterProbe] sh-local10 [sh-local10] 在线
[2026-04-28 14:28:36] [INFO] [CenterProbe] sh-local10 [sh-local10] 在线
[2026-04-28 14:29:36] [INFO] [CenterProbe] sh-local10 [sh-local10] 在线
[2026-04-28 14:30:36] [INFO] [CenterProbe] sh-local10 [sh-local10] 在线
[2026-04-28 14:31:36] [INFO] [CenterProbe] sh-local10 [sh-local10] 在线
[2026-04-28 14:32:36] [INFO] [CenterProbe] sh-local10 [sh-local10] 在线
[2026-04-28 14:33:36] [INFO] [CenterProbe] sh-local10 [sh-local10] 在线
[2026-04-28 14:34:36] [INFO] [CenterProbe] sh-local10 [sh-local10] 在线
[2026-04-28 14:35:36] [INFO] [CenterProbe] sh-local10 [sh-local10] 在线
[2026-04-28 14:36:36] [INFO] [CenterProbe] sh-local10 [sh-local10] 在线
[2026-04-28 14:37:36] [INFO] [CenterProbe] sh-local10 [sh-local10] 在线
[2026-04-28 14:38:36] [INFO] [CenterProbe] sh-local10 [sh-local10] 在线
[2026-04-28 14:39:36] [INFO] [CenterProbe] sh-local10 [sh-local10] 在线
[2026-04-28 14:40:36] [INFO] [CenterProbe] sh-local10 [sh-local10] 在线
[2026-04-28 14:41:36] [INFO] [CenterProbe] sh-local10 [sh-local10] 在线
[2026-04-28 14:42:36] [INFO] [CenterProbe] sh-local10 [sh-local10] 在线
[2026-04-28 14:43:36] [INFO] [CenterProbe] sh-local10 [sh-local10] 在线
[2026-04-28 14:44:36] [INFO] [CenterProbe] sh-local10 [sh-local10] 在线
[2026-04-28 14:45:36] [INFO] [CenterProbe] sh-local10 [sh-local10] 在线
[2026-04-28 14:46:36] [INFO] [CenterProbe] sh-local10 [sh-local10] 在线
[2026-04-28 14:47:36] [INFO] [CenterProbe] sh-local10 [sh-local10] 在线
[2026-04-28 14:48:36] [INFO] [CenterProbe] sh-local10 [sh-local10] 在线
[2026-04-28 14:49:36] [INFO] [CenterProbe] sh-local10 [sh-local10] 在线
[2026-04-28 14:50:36] [INFO] [CenterProbe] sh-local10 [sh-local10] 在线
[2026-04-28 14:51:36] [INFO] [CenterProbe] sh-local10 [sh-local10] 在线
[2026-04-28 14:52:36] [INFO] [CenterProbe] sh-local10 [sh-local10] 在线
[2026-04-28 14:53:36] [INFO] [CenterProbe] sh-local10 [sh-local10] 在线
[2026-04-28 14:54:36] [INFO] [CenterProbe] sh-local10 [sh-local10] 在线
[2026-04-28 14:55:36] [INFO] [CenterProbe] sh-local10 [sh-local10] 在线
[2026-04-28 14:56:36] [INFO] [CenterProbe] sh-local10 [sh-local10] 在线
[2026-04-28 14:57:36] [INFO] [CenterProbe] sh-local10 [sh-local10] 在线
[2026-04-28 14:58:36] [INFO] [CenterProbe] sh-local10 [sh-local10] 在线
[2026-04-28 14:59:36] [INFO] [CenterProbe] sh-local10 [sh-local10] 在线
[2026-04-28 15:00:36] [INFO] [CenterProbe] sh-local10 [sh-local10] 在线
[2026-04-28 15:01:36] [INFO] [CenterProbe] sh-local10 [sh-local10] 在线
[2026-04-28 15:02:36] [INFO] [CenterProbe] sh-local10 [sh-local10] 在线
